Archive member included to satisfy reference by file (symbol)

/home/hung/Desktop/lora-repo/AI-THINKER-NEWVERSION/Ai-Thinker-LoRaWAN-Ra-08-new/drivers/crypto/lib/libcrypto.a(aes.o)
                              out/cmac.o (aes_init)
/usr/lib/gcc/arm-none-eabi/13.2.1/thumb/v7e-m/nofp/libgcc.a(_arm_muldf3.o)
                              out/printf-stdarg.o (__aeabi_dmul)
/usr/lib/gcc/arm-none-eabi/13.2.1/thumb/v7e-m/nofp/libgcc.a(_arm_addsubdf3.o)
                              out/printf-stdarg.o (__aeabi_dsub)
/usr/lib/gcc/arm-none-eabi/13.2.1/thumb/v7e-m/nofp/libgcc.a(_arm_muldivdf3.o)
                              out/printf-stdarg.o (__aeabi_ddiv)
/usr/lib/gcc/arm-none-eabi/13.2.1/thumb/v7e-m/nofp/libgcc.a(_arm_cmpdf2.o)
                              out/printf-stdarg.o (__aeabi_dcmpeq)
/usr/lib/gcc/arm-none-eabi/13.2.1/thumb/v7e-m/nofp/libgcc.a(_arm_fixdfsi.o)
                              out/printf-stdarg.o (__aeabi_d2iz)
/usr/lib/gcc/arm-none-eabi/13.2.1/thumb/v7e-m/nofp/libgcc.a(_arm_fixunsdfsi.o)
                              out/printf-stdarg.o (__aeabi_d2uiz)
/usr/lib/gcc/arm-none-eabi/13.2.1/thumb/v7e-m/nofp/libgcc.a(_aeabi_uldivmod.o)
                              out/printf-stdarg.o (__aeabi_uldivmod)
/usr/lib/gcc/arm-none-eabi/13.2.1/thumb/v7e-m/nofp/libgcc.a(_fixunsdfdi.o)
                              out/rtc-board.o (__aeabi_d2ulz)
/usr/lib/gcc/arm-none-eabi/13.2.1/thumb/v7e-m/nofp/libgcc.a(_udivmoddi4.o)
                              /usr/lib/gcc/arm-none-eabi/13.2.1/thumb/v7e-m/nofp/libgcc.a(_aeabi_uldivmod.o) (__udivmoddi4)
/usr/lib/gcc/arm-none-eabi/13.2.1/thumb/v7e-m/nofp/libgcc.a(_dvmd_tls.o)
                              /usr/lib/gcc/arm-none-eabi/13.2.1/thumb/v7e-m/nofp/libgcc.a(_aeabi_uldivmod.o) (__aeabi_ldiv0)
/usr/lib/gcc/arm-none-eabi/13.2.1/../../../arm-none-eabi/lib/thumb/v7e-m/nofp/libc.a(libc_a-memset.o)
                              /usr/lib/gcc/arm-none-eabi/13.2.1/../../../arm-none-eabi/lib/thumb/v7e-m/nofp/crt0.o (memset)
/usr/lib/gcc/arm-none-eabi/13.2.1/../../../arm-none-eabi/lib/thumb/v7e-m/nofp/libc.a(libc_a-memcpy.o)
                              out/pingpong.o (memcpy)
/usr/lib/gcc/arm-none-eabi/13.2.1/../../../arm-none-eabi/lib/thumb/v7e-m/nofp/libc.a(libc_a-init.o)
                              /usr/lib/gcc/arm-none-eabi/13.2.1/../../../arm-none-eabi/lib/thumb/v7e-m/nofp/crt0.o (__libc_init_array)
/usr/lib/gcc/arm-none-eabi/13.2.1/../../../arm-none-eabi/lib/thumb/v7e-m/nofp/libc.a(libc_a-exit.o)
                              /usr/lib/gcc/arm-none-eabi/13.2.1/../../../arm-none-eabi/lib/thumb/v7e-m/nofp/crt0.o (exit)
/usr/lib/gcc/arm-none-eabi/13.2.1/../../../arm-none-eabi/lib/thumb/v7e-m/nofp/libc.a(libc_a-atexit.o)
                              /usr/lib/gcc/arm-none-eabi/13.2.1/../../../arm-none-eabi/lib/thumb/v7e-m/nofp/crt0.o (atexit)
/usr/lib/gcc/arm-none-eabi/13.2.1/../../../arm-none-eabi/lib/thumb/v7e-m/nofp/libc.a(libc_a-fini.o)
                              /usr/lib/gcc/arm-none-eabi/13.2.1/../../../arm-none-eabi/lib/thumb/v7e-m/nofp/crt0.o (__libc_fini_array)
/usr/lib/gcc/arm-none-eabi/13.2.1/../../../arm-none-eabi/lib/thumb/v7e-m/nofp/libc.a(libc_a-__call_atexit.o)
                              /usr/lib/gcc/arm-none-eabi/13.2.1/../../../arm-none-eabi/lib/thumb/v7e-m/nofp/libc.a(libc_a-exit.o) (__call_exitprocs)
/usr/lib/gcc/arm-none-eabi/13.2.1/../../../arm-none-eabi/lib/thumb/v7e-m/nofp/libc.a(libc_a-__atexit.o)
                              /usr/lib/gcc/arm-none-eabi/13.2.1/../../../arm-none-eabi/lib/thumb/v7e-m/nofp/libc.a(libc_a-atexit.o) (__register_exitproc)
/usr/lib/gcc/arm-none-eabi/13.2.1/../../../arm-none-eabi/lib/thumb/v7e-m/nofp/libc.a(libc_a-findfp.o)
                              /usr/lib/gcc/arm-none-eabi/13.2.1/../../../arm-none-eabi/lib/thumb/v7e-m/nofp/libc.a(libc_a-exit.o) (__stdio_exit_handler)
/usr/lib/gcc/arm-none-eabi/13.2.1/../../../arm-none-eabi/lib/thumb/v7e-m/nofp/libc.a(libc_a-fwalk.o)
                              /usr/lib/gcc/arm-none-eabi/13.2.1/../../../arm-none-eabi/lib/thumb/v7e-m/nofp/libc.a(libc_a-findfp.o) (_fwalk_sglue)
/usr/lib/gcc/arm-none-eabi/13.2.1/../../../arm-none-eabi/lib/thumb/v7e-m/nofp/libc.a(libc_a-impure.o)
                              /usr/lib/gcc/arm-none-eabi/13.2.1/../../../arm-none-eabi/lib/thumb/v7e-m/nofp/libc.a(libc_a-findfp.o) (_impure_data)
/usr/lib/gcc/arm-none-eabi/13.2.1/../../../arm-none-eabi/lib/thumb/v7e-m/nofp/libc.a(libc_a-mallocr.o)
                              /usr/lib/gcc/arm-none-eabi/13.2.1/../../../arm-none-eabi/lib/thumb/v7e-m/nofp/libc.a(libc_a-findfp.o) (_malloc_r)
/usr/lib/gcc/arm-none-eabi/13.2.1/../../../arm-none-eabi/lib/thumb/v7e-m/nofp/libc.a(libc_a-freer.o)
                              /usr/lib/gcc/arm-none-eabi/13.2.1/../../../arm-none-eabi/lib/thumb/v7e-m/nofp/libc.a(libc_a-mallocr.o) (_free_r)
/usr/lib/gcc/arm-none-eabi/13.2.1/../../../arm-none-eabi/lib/thumb/v7e-m/nofp/libc.a(libc_a-fclose.o)
[...]
Memory Configuration

Name             Origin             Length             Attributes
FLASH            0x08000000         0x00020000         xr
RAM              0x20000000         0x00004000         xrw
*default*        0x00000000         0xffffffff

Linker script and memory map

LOAD /usr/lib/gcc/arm-none-eabi/13.2.1/thumb/v7e-m/nofp/crti.o
LOAD /usr/lib/gcc/arm-none-eabi/13.2.1/thumb/v7e-m/nofp/crtbegin.o
LOAD /usr/lib/gcc/arm-none-eabi/13.2.1/../../../arm-none-eabi/lib/thumb/v7e-m/nofp/crt0.o
LOAD out/custom_sbrk.o
LOAD out/main.o
LOAD out/pingpong.o
LOAD out/tremo_it.o
LOAD out/printf-stdarg.o
LOAD out/system_cm4.o
LOAD out/tremo_adc.o
LOAD out/tremo_bstimer.o
LOAD out/tremo_crc.o
LOAD out/tremo_dac.o
LOAD out/tremo_delay.o
LOAD out/tremo_dma.o
LOAD out/tremo_flash.o
LOAD out/tremo_gpio.o
LOAD out/tremo_i2c.o
LOAD out/tremo_i2s.o
LOAD out/tremo_iwdg.o
LOAD out/tremo_lcd.o
LOAD out/tremo_lptimer.o
LOAD out/tremo_lpuart.o
LOAD out/tremo_pwr.o
LOAD out/tremo_rcc.o
LOAD out/tremo_rtc.o
LOAD out/tremo_spi.o
LOAD out/tremo_system.o
LOAD out/tremo_timer.o
LOAD out/tremo_uart.o
LOAD out/tremo_wdg.o
LOAD out/delay.o
LOAD out/timer.o
LOAD out/cmac.o
LOAD out/radio.o
LOAD out/sx126x.o
LOAD out/rtc-board.o
LOAD out/sx1262-board.o
LOAD out/utilities.o
LOAD out/startup_cm4.o
LOAD /home/hung/Desktop/lora-repo/AI-THINKER-NEWVERSION/Ai-Thinker-LoRaWAN-Ra-08-new/drivers/crypto/lib/libcrypto.a
START GROUP
LOAD /usr/lib/gcc/arm-none-eabi/13.2.1/thumb/v7e-m/nofp/libgcc.a
LOAD /usr/lib/gcc/arm-none-eabi/13.2.1/../../../arm-none-eabi/lib/thumb/v7e-m/nofp/libc.a
END GROUP
LOAD /usr/lib/gcc/arm-none-eabi/13.2.1/thumb/v7e-m/nofp/crtend.o
LOAD /usr/lib/gcc/arm-none-eabi/13.2.1/thumb/v7e-m/nofp/crtn.o
                0x20004000                        _estack = 0x20004000
                0x00000000                        _HEAP_SIZE = 0x0
                0x00001000                        _STACK_SIZE = 0x1000

.isr_vector     0x08000000       0xd4
                0x08000000                        . = ALIGN (0x4)
 *(.isr_vector)
 .isr_vector    0x08000000       0xd4 out/startup_cm4.o
                0x08000000                g_pfnVectors
                0x080000d4                        . = ALIGN (0x4)

.text           0x080000d8     0x4c60
                0x080000d8                        . = ALIGN (0x4)
 *(.text)
 .text          0x080000d8       0x88 /usr/lib/gcc/arm-none-eabi/13.2.1/thumb/v7e-m/nofp/crtbegin.o
 .text          0x08000160      0x378 /usr/lib/gcc/arm-none-eabi/13.2.1/thumb/v7e-m/nofp/libgcc.a(_arm_addsubdf3.o)
                0x08000160                __aeabi_drsub
                0x08000168                __aeabi_dsub
                0x08000168                __subdf3
                0x0800016c                __adddf3
                0x0800016c                __aeabi_dadd
                0x080003e4                __aeabi_ui2d
                0x080003e4                __floatunsidf
                0x08000404                __floatsidf
                0x08000404                __aeabi_i2d
                0x08000428                __extendsfdf2
                0x08000428                __aeabi_f2d
                0x0800046c                __aeabi_ul2d
                0x0800046c                __floatundidf
                0x0800047c                __floatdidf
                0x0800047c                __aeabi_l2d
 .text          0x080004d8      0x424 /usr/lib/gcc/arm-none-eabi/13.2.1/thumb/v7e-m/nofp/libgcc.a(_arm_muldivdf3.o)
                0x080004d8                __aeabi_dmul
                0x080004d8                __muldf3
                0x0800072c                __aeabi_ddiv
                0x0800072c                __divdf3
 .text          0x080008fc      0x110 /usr/lib/gcc/arm-none-eabi/13.2.1/thumb/v7e-m/nofp/libgcc.a(_arm_cmpdf2.o)
                0x080008fc                __gtdf2
                0x080008fc                __gedf2
                0x08000904                __ltdf2
                0x08000904                __ledf2
                0x0800090c                __cmpdf2
                0x0800090c                __eqdf2
                0x0800090c                __nedf2
                0x08000988                __aeabi_cdrcmple
                0x08000998                __aeabi_cdcmple
                0x08000998                __aeabi_cdcmpeq
                0x080009a8                __aeabi_dcmpeq
                0x080009bc                __aeabi_dcmplt
                0x080009d0                __aeabi_dcmple
                0x080009e4                __aeabi_dcmpge
                0x080009f8                __aeabi_dcmpgt
 .text          0x08000a0c       0x50 /usr/lib/gcc/arm-none-eabi/13.2.1/thumb/v7e-m/nofp/libgcc.a(_arm_fixdfsi.o)
                0x08000a0c                __fixdfsi
                0x08000a0c                __aeabi_d2iz
 .text          0x08000a5c       0x40 /usr/lib/gcc/arm-none-eabi/13.2.1/thumb/v7e-m/nofp/libgcc.a(_arm_fixunsdfsi.o)
                0x08000a5c                __fixunsdfsi
                0x08000a5c                __aeabi_d2uiz
 .text          0x08000a9c       0x30 /usr/lib/gcc/arm-none-eabi/13.2.1/thumb/v7e-m/nofp/libgcc.a(_aeabi_uldivmod.o)
                0x08000a9c                __aeabi_uldivmod
 .text          0x08000acc       0x3c /usr/lib/gcc/arm-none-eabi/13.2.1/thumb/v7e-m/nofp/libgcc.a(_fixunsdfdi.o)
                0x08000acc                __aeabi_d2ulz
                0x08000acc                __fixunsdfdi
 .text          0x08000b08      0x2bc /usr/lib/gcc/arm-none-eabi/13.2.1/thumb/v7e-m/nofp/libgcc.a(_udivmoddi4.o)
                0x08000b08                __udivmoddi4
 .text          0x08000dc4        0x4 /usr/lib/gcc/arm-none-eabi/13.2.1/thumb/v7e-m/nofp/libgcc.a(_dvmd_tls.o)
                0x08000dc4                __aeabi_ldiv0
                0x08000dc4                __aeabi_idiv0
 .text          0x08000dc8       0xa4 /usr/lib/gcc/arm-none-eabi/13.2.1/../../../arm-none-eabi/lib/thumb/v7e-m/nofp/libc.a(libc_a-memset.o)
                0x08000dc8                memset
 .text          0x08000e6c      0x134 /usr/lib/gcc/arm-none-eabi/13.2.1/../../../arm-none-eabi/lib/thumb/v7e-m/nofp/libc.a(libc_a-memcpy.o)
                0x08000e6c                memcpy
 .text          0x08000fa0       0x50 /usr/lib/gcc/arm-none-eabi/13.2.1/../../../arm-none-eabi/lib/thumb/v7e-m/nofp/libc.a(libc_a-init.o)
                0x08000fa0                __libc_init_array
 .text          0x08000ff0        0xc /usr/lib/gcc/arm-none-eabi/13.2.1/../../../arm-none-eabi/lib/thumb/v7e-m/nofp/libc.a(libc_a-atexit.o)
                0x08000ff0                atexit
 .text          0x08000ffc       0x28 /usr/lib/gcc/arm-none-eabi/13.2.1/../../../arm-none-eabi/lib/thumb/v7e-m/nofp/libc.a(libc_a-fini.o)
                0x08000ffc                __libc_fini_array
 .text          0x08001024       0x64 /usr/lib/gcc/arm-none-eabi/13.2.1/../../../arm-none-eabi/lib/thumb/v7e-m/nofp/libc.a(libc_a-__atexit.o)
                0x08001024                __register_exitproc
 .text          0x08001088       0xf8 /usr/lib/gcc/arm-none-eabi/13.2.1/../../../arm-none-eabi/lib/thumb/v7e-m/nofp/libm.a(libm_a-s_ceil.o)
                0x08001088                ceil
 .text          0x08001180       0x9c /usr/lib/gcc/arm-none-eabi/13.2.1/../../../arm-none-eabi/lib/thumb/v7e-m/nofp/libm.a(libm_a-s_round.o)
                0x08001180                round
 *fill*         0x0800121c        0x4 
 .text          0x08001220      0x108 /usr/lib/gcc/arm-none-eabi/13.2.1/../../../arm-none-eabi/lib/thumb/v7e-m/nofp/libm.a(libm_a-s_floor.o)
                0x08001220                floor
 .text          0x08001328      0x124 /usr/lib/gcc/arm-none-eabi/13.2.1/../../../arm-none-eabi/lib/thumb/v7e-m/nofp/libm.a(libm_a-s_rint.o)
                0x08001328                rint
 *(.text*)
 .text.uart_log_init
                0x0800144c       0x40 out/main.o
                0x0800144c                uart_log_init
 .text.board_init
                0x0800148c       0x6a out/main.o
                0x0800148c                board_init
 .text.startup.main
                0x080014f6        0xe out/main.o
                0x080014f6                main
 .text.OnTxDone
                0x08001504        0xc out/pingpong.o
                0x08001504                OnTxDone
 .text.OnTxTimeout
                0x08001510       0x18 out/pingpong.o
                0x08001510                OnTxTimeout
 .text.OnRxTimeout
                0x08001528       0x10 out/pingpong.o
                0x08001528                OnRxTimeout
 .text.OnRxError
                0x08001538        0x4 out/pingpong.o
                0x08001538                OnRxError
 .text.OnRxDone
                0x0800153c       0x40 out/pingpong.o
                0x0800153c                OnRxDone
 .text.app_start
                0x0800157c      0x110 out/pingpong.o
                0x0800157c                app_start
 .text.NMI_Handler
                0x0800168c        0x2 out/tremo_it.o
                0x0800168c                NMI_Handler
 .text.HardFault_Handler
                0x0800168e        0x2 out/tremo_it.o
                0x0800168e                HardFault_Handler
 .text.MemManage_Handler
                0x08001690        0x2 out/tremo_it.o
                0x08001690                MemManage_Handler
 .text.BusFault_Handler
                0x08001692        0x2 out/tremo_it.o
                0x08001692                BusFault_Handler
 .text.UsageFault_Handler
                0x08001694        0x2 out/tremo_it.o
                0x08001694                UsageFault_Handler
 .text.SVC_Handler
                0x08001696        0x2 out/tremo_it.o
                0x08001696                SVC_Handler
 .text.PendSV_Handler
                0x08001698        0x2 out/tremo_it.o
                0x08001698                PendSV_Handler
 .text.SysTick_Handler
                0x0800169a        0x2 out/tremo_it.o
                0x0800169a                SysTick_Handler
 .text.PWR_IRQHandler
                0x0800169c        0x2 out/tremo_it.o
                0x0800169c                PWR_IRQHandler
 .text.LORA_IRQHandler
                0x0800169e        0x4 out/tremo_it.o
                0x0800169e                LORA_IRQHandler
 .text.RTC_IRQHandler
                0x080016a2        0x4 out/tremo_it.o
                0x080016a2                RTC_IRQHandler
 .text._out_null
                0x080016a6        0x2 out/printf-stdarg.o
 .text._out_rev
                0x080016a8       0x88 out/printf-stdarg.o
 .text._ntoa_format
                0x08001730      0x114 out/printf-stdarg.o
 .text._ntoa_long
                0x08001844       0x84 out/printf-stdarg.o
 .text._ntoa_long_long
                0x080018c8       0xa0 out/printf-stdarg.o
 .text._etoa    0x08001968      0x374 out/printf-stdarg.o
 *fill*         0x08001cdc        0x4 
 .text._ftoa    0x08001ce0      0x304 out/printf-stdarg.o
 .text._out_char
                0x08001fe4       0x10 out/printf-stdarg.o
 .text._vsnprintf
                0x08001ff4      0x518 out/printf-stdarg.o
 .text.__wrap_printf
                0x0800250c       0x28 out/printf-stdarg.o
                0x0800250c                __wrap_printf
 .text.nvic_init
                0x08002534       0x24 out/system_cm4.o
                0x08002534                nvic_init
 .text.system_init
                0x08002558       0x44 out/system_cm4.o
                0x08002558                system_init
 .text.delay_init
                0x0800259c       0x48 out/tremo_delay.o
                0x0800259c                delay_init
 .text.delay_us
                0x080025e4       0x38 out/tremo_delay.o
                0x080025e4                delay_us
 .text.delay_ms
                0x0800261c        0xa out/tremo_delay.o
                0x0800261c                delay_ms
 *fill*         0x08002626        0x2 
 .text.gpio_init
                0x08002628      0x120 out/tremo_gpio.o
                0x08002628                gpio_init
 .text.gpio_set_iomux
                0x08002748       0x44 out/tremo_gpio.o
                0x08002748                gpio_set_iomux
 .text.pwr_xo32k_lpm_cmd
                0x0800278c       0x18 out/tremo_pwr.o
                0x0800278c                pwr_xo32k_lpm_cmd
 .text.rcc_get_clk_freq
                0x080027a4       0x9c out/tremo_rcc.o
                0x080027a4                rcc_get_clk_freq
 .text.rcc_get_uart0_clk_source
                0x08002840        0xc out/tremo_rcc.o
                0x08002840                rcc_get_uart0_clk_source
 .text.rcc_get_uart1_clk_source
                0x0800284c        0xc out/tremo_rcc.o
                0x0800284c                rcc_get_uart1_clk_source
 .text.rcc_get_uart2_clk_source
                0x08002858        0xc out/tremo_rcc.o
                0x08002858                rcc_get_uart2_clk_source
 .text.rcc_get_uart3_clk_source
                0x08002864        0xc out/tremo_rcc.o
                0x08002864                rcc_get_uart3_clk_source
 .text.rcc_get_rtc_clk_source
                0x08002870        0xc out/tremo_rcc.o
                0x08002870                rcc_get_rtc_clk_source
 .text.rcc_enable_peripheral_clk
                0x0800287c      0x4b4 out/tremo_rcc.o
                0x0800287c                rcc_enable_peripheral_clk
 .text.rcc_enable_oscillator
                0x08002d30       0xfc out/tremo_rcc.o
                0x08002d30                rcc_enable_oscillator
 .text.rcc_rst_peripheral
                0x08002e2c       0x4a out/tremo_rcc.o
                0x08002e2c                rcc_rst_peripheral
 .text.rtc_deinit
                0x08002e76       0x1e out/tremo_rtc.o
                0x08002e76                rtc_deinit
 .text.rtc_check_syn
                0x08002e94       0x14 out/tremo_rtc.o
                0x08002e94                rtc_check_syn
 .text.rtc_calendar_cmd
                0x08002ea8       0x20 out/tremo_rtc.o
                0x08002ea8                rtc_calendar_cmd
 .text.rtc_cyc_cmd
                0x08002ec8       0x20 out/tremo_rtc.o
                0x08002ec8                rtc_cyc_cmd
 .text.rtc_config_cyc_wakeup
                0x08002ee8       0x24 out/tremo_rtc.o
                0x08002ee8                rtc_config_cyc_wakeup
 .text.rtc_get_calendar
                0x08002f0c       0xdc out/tremo_rtc.o
                0x08002f0c                rtc_get_calendar
 .text.rtc_set_status
                0x08002fe8       0x3c out/tremo_rtc.o
                0x08002fe8                rtc_set_status
 .text.rtc_get_status
                0x08003024       0x44 out/tremo_rtc.o
                0x08003024                rtc_get_status
 .text.rtc_config_interrupt
                0x08003068       0x40 out/tremo_rtc.o
                0x08003068                rtc_config_interrupt
 .text.rtc_config_cyc_max
                0x080030a8       0x14 out/tremo_rtc.o
                0x080030a8                rtc_config_cyc_max
 .text.system_get_chip_id
                0x080030bc       0x1c out/tremo_system.o
                0x080030bc                system_get_chip_id
 .text.uart_send_data
                0x080030d8        0xa out/tremo_uart.o
                0x080030d8                uart_send_data
 .text.uart_config_init
                0x080030e2       0x16 out/tremo_uart.o
                0x080030e2                uart_config_init
 .text.uart_cmd
                0x080030f8       0x12 out/tremo_uart.o
                0x080030f8                uart_cmd
 *fill*         0x0800310a        0x2 
 .text.uart_init
                0x0800310c      0x148 out/tremo_uart.o
                0x0800310c                uart_init
 .text.DelayMs  0x08003254        0x4 out/delay.o
                0x08003254                DelayMs
 .text.TimeStampsUpdate
                0x08003258       0x2c out/timer.o
 .text.TimerInsertNewHeadTimer
                0x08003284       0x1c out/timer.o
 .text.TimerInit
                0x080032a0        0xe out/timer.o
                0x080032a0                TimerInit
 *fill*         0x080032ae        0x2 
 .text.TimerStart
                0x080032b0       0x78 out/timer.o
                0x080032b0                TimerStart
 .text.TimerIrqHandler
                0x08003328       0x68 out/timer.o
                0x08003328                TimerIrqHandler
 .text.TimerStop
                0x08003390       0x60 out/timer.o
                0x08003390                TimerStop
 .text.TimerSetValue
                0x080033f0       0x10 out/timer.o
                0x080033f0                TimerSetValue
 .text.TimerGetCurrentTime
                0x08003400       0x18 out/timer.o
                0x08003400                TimerGetCurrentTime
 .text.TimerGetElapsedTime
                0x08003418       0x12 out/timer.o
                0x08003418                TimerGetElapsedTime
 .text.RadioCheckRfFrequency
                0x0800342a        0x4 out/radio.o
                0x0800342a                RadioCheckRfFrequency
 *fill*         0x0800342e        0x2 
 .text.RadioOnTxTimeoutIrq
                0x08003430       0x14 out/radio.o
                0x08003430                RadioOnTxTimeoutIrq
 .text.RadioOnRxTimeoutIrq
                0x08003444       0x14 out/radio.o
                0x08003444                RadioOnRxTimeoutIrq
 .text.RadioStandby
                0x08003458        0x6 out/radio.o
                0x08003458                RadioStandby
 *fill*         0x0800345e        0x2 
 .text.RadioInit
                0x08003460       0x6c out/radio.o
                0x08003460                RadioInit
 .text.RadioGetStatus
                0x080034cc       0x18 out/radio.o
                0x080034cc                RadioGetStatus
 .text.RadioSetChannel
                0x080034e4        0x4 out/radio.o
                0x080034e4                RadioSetChannel
 .text.RadioRssi
                0x080034e8        0x8 out/radio.o
                0x080034e8                RadioRssi
 .text.RadioRead
                0x080034f0        0x4 out/radio.o
                0x080034f0                RadioRead
 .text.RadioWrite
                0x080034f4        0x4 out/radio.o
                0x080034f4                RadioWrite
 .text.RadioSend
                0x080034f8       0x58 out/radio.o
                0x080034f8                RadioSend
 .text.RadioSleep
                0x08003550       0x14 out/radio.o
                0x08003550                RadioSleep
 .text.RadioSetRxDutyCycle
                0x08003564        0x4 out/radio.o
                0x08003564                RadioSetRxDutyCycle
 .text.RadioStartCad
                0x08003568       0x6c out/radio.o
                0x08003568                RadioStartCad
 .text.RadioSetTxContinuousWave
                0x080035d4       0x4c out/radio.o
                0x080035d4                RadioSetTxContinuousWave
 .text.RadioWriteBuffer
                0x08003620        0x4 out/radio.o
                0x08003620                RadioWriteBuffer
 .text.RadioReadBuffer
                0x08003624        0x4 out/radio.o
                0x08003624                RadioReadBuffer
 .text.RadioGetWakeupTime
                0x08003628        0xa out/radio.o
                0x08003628                RadioGetWakeupTime
 *fill*         0x08003632        0x2 
 .text.RadioOnCadTimeoutIrq
                0x08003634       0x20 out/radio.o
                0x08003634                RadioOnCadTimeoutIrq
 .text.RadioGetFskBandwidthRegValue
                0x08003654       0x34 out/radio.o
 .text.RadioSetMaxPayloadLength
                0x08003688       0x30 out/radio.o
                0x08003688                RadioSetMaxPayloadLength
 .text.RadioRx  0x080036b8       0x48 out/radio.o
                0x080036b8                RadioRx
 .text.RadioRxBoosted
                0x08003700       0x44 out/radio.o
                0x08003700                RadioRxBoosted
 .text.RadioIrqProcess
                0x08003744      0x178 out/radio.o
                0x08003744                RadioIrqProcess
 .text.RadioSetPublicNetwork
                0x080038bc       0x40 out/radio.o
                0x080038bc                RadioSetPublicNetwork
 .text.RadioSetModem.part.0
                0x080038fc       0x28 out/radio.o
 .text.RadioSetModem
                0x08003924       0x24 out/radio.o
                0x08003924                RadioSetModem
 .text.RadioIsChannelFree
                0x08003948       0x4a out/radio.o
                0x08003948                RadioIsChannelFree
 .text.RadioRandom
                0x08003992       0x38 out/radio.o
                0x08003992                RadioRandom
 *fill*         0x080039ca        0x2 
 .text.RadioSymbTime
                0x080039cc       0x2c out/radio.o
                0x080039cc                RadioSymbTime
 .text.RadioSetRxConfig
                0x080039f8      0x228 out/radio.o
                0x080039f8                RadioSetRxConfig
 .text.RadioSetTxConfig
                0x08003c20      0x1a4 out/radio.o
                0x08003c20                RadioSetTxConfig
 *fill*         0x08003dc4        0x4 
 .text.RadioTimeOnAir
                0x08003dc8      0x190 out/radio.o
                0x08003dc8                RadioTimeOnAir
 .text.RadioOnDioIrq
                0x08003f58       0x24 out/radio.o
                0x08003f58                RadioOnDioIrq
 .text.SX126xGetOperatingMode
                0x08003f7c        0xc out/sx126x.o
                0x08003f7c                SX126xGetOperatingMode
 .text.SX126xSetOperatingMode
                0x08003f88        0xc out/sx126x.o
                0x08003f88                SX126xSetOperatingMode
 .text.SX126xCheckDeviceReady
                0x08003f94       0x38 out/sx126x.o
                0x08003f94                SX126xCheckDeviceReady
 .text.SX126xSetPayload
                0x08003fcc        0xa out/sx126x.o
                0x08003fcc                SX126xSetPayload
 .text.SX126xSetSyncWord
                0x08003fd6       0x12 out/sx126x.o
                0x08003fd6                SX126xSetSyncWord
 .text.SX126xSetCrcSeed
                0x08003fe8       0x24 out/sx126x.o
                0x08003fe8                SX126xSetCrcSeed
 .text.SX126xSetCrcPolynomial
                0x0800400c       0x24 out/sx126x.o
                0x0800400c                SX126xSetCrcPolynomial
 .text.SX126xSetWhiteningSeed
                0x08004030       0x38 out/sx126x.o
                0x08004030                SX126xSetWhiteningSeed
 .text.SX126xSetSleep
                0x08004068       0x24 out/sx126x.o
                0x08004068                SX126xSetSleep
 .text.SX126xSetStandby
                0x0800408c       0x2c out/sx126x.o
                0x0800408c                SX126xSetStandby
 .text.SX126xSetTx
                0x080040b8       0x2c out/sx126x.o
                0x080040b8                SX126xSetTx
 .text.SX126xSendPayload
                0x080040e4       0x12 out/sx126x.o
                0x080040e4                SX126xSendPayload
 *fill*         0x080040f6        0x2 
 .text.SX126xSetRx
                0x080040f8       0x2c out/sx126x.o
                0x080040f8                SX126xSetRx
 .text.SX126xSetRxBoosted
                0x08004124       0x38 out/sx126x.o
                0x08004124                SX126xSetRxBoosted
 .text.SX126xSetRxDutyCycle
                0x0800415c       0x38 out/sx126x.o
                0x0800415c                SX126xSetRxDutyCycle
 .text.SX126xSetCad
                0x08004194       0x18 out/sx126x.o
                0x08004194                SX126xSetCad
 .text.SX126xSetTxContinuousWave
                0x080041ac        0xa out/sx126x.o
                0x080041ac                SX126xSetTxContinuousWave
 .text.SX126xSetStopRxTimerOnPreambleDetect
                0x080041b6       0x18 out/sx126x.o
                0x080041b6                SX126xSetStopRxTimerOnPreambleDetect
 .text.SX126xSetLoRaSymbNumTimeout
                0x080041ce       0x18 out/sx126x.o
                0x080041ce                SX126xSetLoRaSymbNumTimeout
 .text.SX126xSetRegulatorMode
                0x080041e6       0x18 out/sx126x.o
                0x080041e6                SX126xSetRegulatorMode
 *fill*         0x080041fe        0x2 
 .text.SX126xCalibrateImage
                0x08004200       0x64 out/sx126x.o
                0x08004200                SX126xCalibrateImage
 .text.SX126xSetPaConfig
                0x08004264       0x24 out/sx126x.o
                0x08004264                SX126xSetPaConfig
 .text.SX126xSetDioIrqParams
                0x08004288       0x2a out/sx126x.o
                0x08004288                SX126xSetDioIrqParams
 .text.SX126xGetIrqStatus
                0x080042b2       0x1a out/sx126x.o
                0x080042b2                SX126xGetIrqStatus
 .text.SX126xSetDio2AsRfSwitchCtrl
                0x080042cc       0x18 out/sx126x.o
                0x080042cc                SX126xSetDio2AsRfSwitchCtrl
 .text.SX126xInit
                0x080042e4       0x28 out/sx126x.o
                0x080042e4                SX126xInit
 *fill*         0x0800430c        0x4 
 .text.SX126xSetRfFrequency
                0x08004310       0x4c out/sx126x.o
                0x08004310                SX126xSetRfFrequency
 .text.SX126xSetPacketType
                0x0800435c       0x20 out/sx126x.o
                0x0800435c                SX126xSetPacketType
 .text.SX126xGetPacketType
                0x0800437c        0xc out/sx126x.o
                0x0800437c                SX126xGetPacketType
 .text.SX126xSetTxParams
                0x08004388       0xbc out/sx126x.o
                0x08004388                SX126xSetTxParams
 *fill*         0x08004444        0x4 
 .text.SX126xSetModulationParams
                0x08004448       0xb0 out/sx126x.o
                0x08004448                SX126xSetModulationParams
 .text.SX126xSetPacketParams
                0x080044f8       0xa4 out/sx126x.o
                0x080044f8                SX126xSetPacketParams
 .text.SX126xSetCadParams
                0x0800459c       0x3c out/sx126x.o
                0x0800459c                SX126xSetCadParams
 .text.SX126xSetBufferBaseAddress
                0x080045d8       0x1a out/sx126x.o
                0x080045d8                SX126xSetBufferBaseAddress
 .text.SX126xGetRssiInst
                0x080045f2       0x1a out/sx126x.o
                0x080045f2                SX126xGetRssiInst
 .text.SX126xGetRxBufferStatus
                0x0800460c       0x48 out/sx126x.o
                0x0800460c                SX126xGetRxBufferStatus
 .text.SX126xGetPayload
                0x08004654       0x2c out/sx126x.o
                0x08004654                SX126xGetPayload
 .text.SX126xGetPacketStatus
                0x08004680       0x80 out/sx126x.o
                0x08004680                SX126xGetPacketStatus
 .text.SX126xClearIrqStatus
                0x08004700       0x18 out/sx126x.o
                0x08004700                SX126xClearIrqStatus
 .text.RtcInit  0x08004718       0x30 out/rtc-board.o
                0x08004718                RtcInit
 .text.RtcSetTimeout
                0x08004748       0x8c out/rtc-board.o
                0x08004748                RtcSetTimeout
 .text.RtcStopTimeout
                0x080047d4       0x14 out/rtc-board.o
                0x080047d4                RtcStopTimeout
 .text.RtcGetTimerContext
                0x080047e8        0xc out/rtc-board.o
                0x080047e8                RtcGetTimerContext
 .text.RtcGetTimerValue
                0x080047f4      0x118 out/rtc-board.o
                0x080047f4                RtcGetTimerValue
 .text.RtcSetTimerContext
                0x0800490c       0x18 out/rtc-board.o
                0x0800490c                RtcSetTimerContext
 .text.RtcGetElapsedTime
                0x08004924       0x18 out/rtc-board.o
                0x08004924                RtcGetElapsedTime
 .text.RtcOnIrq
                0x0800493c       0x32 out/rtc-board.o
                0x0800493c                RtcOnIrq
 .text.BoardDisableIrq
                0x0800496e        0x4 out/sx1262-board.o
                0x0800496e                BoardDisableIrq
 .text.BoardEnableIrq
                0x08004972        0x4 out/sx1262-board.o
                0x08004972                BoardEnableIrq
 *fill*         0x08004976        0x2 
 .text.SpiInOut
                0x08004978       0x18 out/sx1262-board.o
                0x08004978                SpiInOut
 .text.SX126xLoracInit
                0x08004990       0x5c out/sx1262-board.o
                0x08004990                SX126xLoracInit
 .text.SX126xGetBoardTcxoWakeupTime
                0x080049ec        0x4 out/sx1262-board.o
                0x080049ec                SX126xGetBoardTcxoWakeupTime
 .text.SX126xReset
                0x080049f0       0x54 out/sx1262-board.o
                0x080049f0                SX126xReset
 .text.SX126xWaitOnBusy
                0x08004a44       0x18 out/sx1262-board.o
                0x08004a44                SX126xWaitOnBusy
 .text.SX126xWakeup
                0x08004a5c       0x30 out/sx1262-board.o
                0x08004a5c                SX126xWakeup
 .text.SX126xWriteCommand
                0x08004a8c       0x44 out/sx1262-board.o
                0x08004a8c                SX126xWriteCommand
 .text.SX126xReadCommand
                0x08004ad0       0x44 out/sx1262-board.o
                0x08004ad0                SX126xReadCommand
 .text.SX126xWriteRegisters
                0x08004b14       0x48 out/sx1262-board.o
                0x08004b14                SX126xWriteRegisters
 .text.SX126xWriteRegister
                0x08004b5c       0x16 out/sx1262-board.o
                0x08004b5c                SX126xWriteRegister
 *fill*         0x08004b72        0x2 
 .text.SX126xReadRegisters
                0x08004b74       0x50 out/sx1262-board.o
                0x08004b74                SX126xReadRegisters
 .text.SX126xReadRegister
                0x08004bc4       0x16 out/sx1262-board.o
                0x08004bc4                SX126xReadRegister
 *fill*         0x08004bda        0x2 
 .text.SX126xWriteBuffer
                0x08004bdc       0x44 out/sx1262-board.o
                0x08004bdc                SX126xWriteBuffer
 .text.SX126xReadBuffer
                0x08004c20       0x4c out/sx1262-board.o
                0x08004c20                SX126xReadBuffer
 .text.SX126xSetRfTxPower
                0x08004c6c        0x6 out/sx1262-board.o
                0x08004c6c                SX126xSetRfTxPower
 .text.SX126xGetPaSelect
                0x08004c72        0x4 out/sx1262-board.o
                0x08004c72                SX126xGetPaSelect
 *fill*         0x08004c76        0x2 
 .text.SX126xAntSwOn
                0x08004c78       0x10 out/sx1262-board.o
                0x08004c78                SX126xAntSwOn
 .text.SX126xAntSwOff
                0x08004c88       0x10 out/sx1262-board.o
                0x08004c88                SX126xAntSwOff
 .text.rand1    0x08004c98       0x28 out/utilities.o
                0x08004c98                rand1
 .text.Reset_Handler
                0x08004cc0       0x48 out/startup_cm4.o
                0x08004cc0                Reset_Handler
 .text.Default_Handler
                0x08004d08        0x2 out/startup_cm4.o
                0x08004d08                GPIO_IRQHandler
                0x08004d08                SCC_IRQHandler
                0x08004d08                TIMER2_IRQHandler
                0x08004d08                EFC_IRQHandler
                0x08004d08                I2C0_IRQHandler
                0x08004d08                SAC_IRQHandler
                0x08004d08                I2C1_IRQHandler
                0x08004d08                UART1_IRQHandler
                0x08004d08                BSTIMER0_IRQHandler
                0x08004d08                TIMER3_IRQHandler
                0x08004d08                UART0_IRQHandler
                0x08004d08                SEC_IRQHandler
                0x08004d08                WDG_IRQHandler
                0x08004d08                LPTIMER1_IRQHandler
                0x08004d08                LPTIMER0_IRQHandler
                0x08004d08                SSP0_IRQHandler
                0x08004d08                I2S_IRQHandler
                0x08004d08                I2C2_IRQHandler
                0x08004d08                TIMER0_IRQHandler
                0x08004d08                LCD_IRQHandler
                0x08004d08                LPUART_IRQHandler
                0x08004d08                TIMER1_IRQHandler
                0x08004d08                UART2_IRQHandler
                0x08004d08                Default_Handler
                0x08004d08                ADC_IRQHandler
                0x08004d08                SSP1_IRQHandler
                0x08004d08                DMA0_IRQHandler
                0x08004d08                IWDG_IRQHandler
                0x08004d08                SSP2_IRQHandler
                0x08004d08                BSTIMER1_IRQHandler
                0x08004d08                DAC_IRQHandler
                0x08004d08                AFEC_IRQHandler
                0x08004d08                UART3_IRQHandler
                0x08004d08                QSPI_IRQHandler
                0x08004d08                DMA1_IRQHandler
 *fill*         0x08004d0a        0x2 
 .text.startup  0x08004d0c       0x14 /usr/lib/gcc/arm-none-eabi/13.2.1/../../../arm-none-eabi/lib/thumb/v7e-m/nofp/libc.a(libc_a-__call_atexit.o)
 *(.glue_7)
 .glue_7        0x08004d20        0x0 linker stubs
 *(.glue_7t)
 .glue_7t       0x08004d20        0x0 linker stubs
 *(.eh_frame)
 .eh_frame      0x08004d20        0x0 /usr/lib/gcc/arm-none-eabi/13.2.1/thumb/v7e-m/nofp/crtbegin.o
 *(.init)
 .init          0x08004d20        0x4 /usr/lib/gcc/arm-none-eabi/13.2.1/thumb/v7e-m/nofp/crti.o
                0x08004d20                _init
 .init          0x08004d24        0x8 /usr/lib/gcc/arm-none-eabi/13.2.1/thumb/v7e-m/nofp/crtn.o
 *(.fini)
 .fini          0x08004d2c        0x4 /usr/lib/gcc/arm-none-eabi/13.2.1/thumb/v7e-m/nofp/crti.o
                0x08004d2c                _fini
 .fini          0x08004d30        0x8 /usr/lib/gcc/arm-none-eabi/13.2.1/thumb/v7e-m/nofp/crtn.o
                0x08004d38                        . = ALIGN (0x4)
                0x08004d38                        _etext = .

.vfp11_veneer   0x08004d38        0x0
 .vfp11_veneer  0x08004d38        0x0 linker stubs

.v4_bx          0x08004d38        0x0
 .v4_bx         0x08004d38        0x0 linker stubs

.iplt           0x08004d38        0x0
 .iplt          0x08004d38        0x0 /usr/lib/gcc/arm-none-eabi/13.2.1/thumb/v7e-m/nofp/crtbegin.o

.rodata         0x08004d38      0x244
                0x08004d38                        . = ALIGN (0x4)
 *(.rodata)
 .rodata        0x08004d38       0x50 out/printf-stdarg.o
 .rodata        0x08004d88        0xc out/tremo_uart.o
 *fill*         0x08004d94        0x4 
 .rodata        0x08004d98      0x188 out/radio.o
                0x08004d98                FskBandwidths
                0x08004ea8                Bandwidths
                0x08004eb4                Radio
 .rodata        0x08004f20       0x18 out/rtc-board.o
 .rodata        0x08004f38       0x10 /usr/lib/gcc/arm-none-eabi/13.2.1/../../../arm-none-eabi/lib/thumb/v7e-m/nofp/libm.a(libm_a-s_rint.o)
 *(.rodata*)
 .rodata.str1.1
                0x08004f48       0x33 out/pingpong.o
                                 0x1a (size before relaxing)
 .rodata.str1.1
                0x08004f7b       0x19 out/printf-stdarg.o
                0x08004f94                        . = ALIGN (0x4)
 *fill*         0x08004f7b        0x1 

.ARM.extab
 *(.ARM.extab* .gnu.linkonce.armextab.*)

.ARM            0x08004f7c        0x8
                0x08004f7c                        __exidx_start = .
 *(.ARM.exidx*)
 .ARM.exidx     0x08004f7c        0x8 /usr/lib/gcc/arm-none-eabi/13.2.1/thumb/v7e-m/nofp/libgcc.a(_udivmoddi4.o)
 .ARM.exidx     0x08004f84        0x0 /usr/lib/gcc/arm-none-eabi/13.2.1/../../../arm-none-eabi/lib/thumb/v7e-m/nofp/libc.a(libc_a-memcpy.o)
                                  0x8 (size before relaxing)
                0x08004f84                        __exidx_end = .

.rel.dyn        0x08004f84        0x0
 .rel.iplt      0x08004f84        0x0 /usr/lib/gcc/arm-none-eabi/13.2.1/thumb/v7e-m/nofp/crtbegin.o

.preinit_array  0x08004f84        0x0
                0x08004f84                        PROVIDE (__preinit_array_start = .)
 *(.preinit_array*)
                0x08004f84                        PROVIDE (__preinit_array_end = .)

.init_array     0x08004f84        0x8
                0x08004f84                        PROVIDE (__init_array_start = .)
 *(SORT_BY_NAME(.init_array.*))
 .init_array.00000
                0x08004f84        0x4 /usr/lib/gcc/arm-none-eabi/13.2.1/../../../arm-none-eabi/lib/thumb/v7e-m/nofp/libc.a(libc_a-__call_atexit.o)
 *(.init_array*)
 .init_array    0x08004f88        0x4 /usr/lib/gcc/arm-none-eabi/13.2.1/thumb/v7e-m/nofp/crtbegin.o
                0x08004f8c                        PROVIDE (__init_array_end = .)

.fini_array     0x08004f8c        0x4
                0x08004f8c                        PROVIDE (__fini_array_start = .)
 *(SORT_BY_NAME(.fini_array.*))
 *(.fini_array*)
 .fini_array    0x08004f8c        0x4 /usr/lib/gcc/arm-none-eabi/13.2.1/thumb/v7e-m/nofp/crtbegin.o
                0x08004f90                        PROVIDE (__fini_array_end = .)
                0x08004f90                        _sidata = LOADADDR (.data)

.data           0x20000000        0x8 load address 0x08004f90
                0x20000000                        . = ALIGN (0x4)
                0x20000000                        _sdata = .
 *(.data)
 .data          0x20000000        0x2 out/pingpong.o
                0x20000000                BufferSize
 .data          0x20000002        0x1 out/radio.o
                0x20000002                MaxPayloadLength
 *fill*         0x20000003        0x1 
 .data          0x20000004        0x4 out/utilities.o
 *(.data*)
                0x20000008                        . = ALIGN (0x4)
                0x20000008                        _edata = .

.tm_clone_table
                0x20000008        0x0 load address 0x08004f98
 .tm_clone_table
                0x20000008        0x0 /usr/lib/gcc/arm-none-eabi/13.2.1/thumb/v7e-m/nofp/crtbegin.o
 .tm_clone_table
                0x20000008        0x0 /usr/lib/gcc/arm-none-eabi/13.2.1/thumb/v7e-m/nofp/crtend.o

.igot.plt       0x20000008        0x0 load address 0x08004f98
 .igot.plt      0x20000008        0x0 /usr/lib/gcc/arm-none-eabi/13.2.1/thumb/v7e-m/nofp/crtbegin.o
                0x20000008                        . = ALIGN (0x4)

.bss            0x20000008      0x444 load address 0x08004f98
                0x20000008                        _sbss = .
                0x20000008                        __bss_start__ = _sbss
 *(.bss)
 .bss           0x20000008       0x1c /usr/lib/gcc/arm-none-eabi/13.2.1/thumb/v7e-m/nofp/crtbegin.o
 .bss           0x20000024       0xa8 out/pingpong.o
                0x20000024                State
                0x20000025                Buffer
                0x200000a5                RssiValue
                0x200000a6                SnrValue
                0x200000a7                rx_flag
                0x200000a8                ChipId
 .bss           0x200000cc        0x1 out/tremo_delay.o
 *fill*         0x200000cd        0x3 
 .bss           0x200000d0       0x11 out/timer.o
                0x200000e0                HasLoopedThroughMain
 *fill*         0x200000e1        0x3 
 .bss           0x200000e4      0x1a6 out/radio.o
                0x200000e8                TxTimeoutTimer
                0x200000fc                RxTimeoutTimer
                0x20000110                CadTimeoutTimer
                0x20000124                IrqFired
                0x20000128                SX126x
                0x20000164                TxTimeout
                0x20000168                RxContinuous
                0x2000016c                RxTimeout
                0x20000170                irqRegs
                0x20000172                RadioRxPayload
                0x20000274                RadioPktStatus
 *fill*         0x2000028a        0x2 
 .bss           0x2000028c        0x8 out/sx126x.o
                0x20000290                FrequencyError
 *fill*         0x20000294        0x4 
 .bss           0x20000298       0x1d out/rtc-board.o
                0x2000029c                RtcCalendarContext
                0x200002a8                RtcTimerContext
                0x200002b0                McuWakeUpTime
                0x200002b4                NonScheduledWakeUp
 .bss           0x200002b5        0x1 out/sx1262-board.o
                0x200002b5                gPaOptSetting
 *fill*         0x200002b6        0x2 
 .bss           0x200002b8        0x4 /usr/lib/gcc/arm-none-eabi/13.2.1/../../../arm-none-eabi/lib/thumb/v7e-m/nofp/libc.a(libc_a-__call_atexit.o)
                0x200002b8                __atexit
 .bss           0x200002bc      0x190 /usr/lib/gcc/arm-none-eabi/13.2.1/../../../arm-none-eabi/lib/thumb/v7e-m/nofp/libc.a(libc_a-__atexit.o)
                0x200002bc                __atexit0
 *(.bss*)
 *(COMMON)
                0x2000044c                        . = ALIGN (0x4)
                0x2000044c                        _ebss = .
                0x2000044c                        __bss_end__ = _ebss

.heap           0x2000044c        0x0 load address 0x08004f98
                0x2000044c                        . = ALIGN (0x4)
                0x2000044c                        _heap_bottom = .
                0x2000044c                        end = _heap_bottom
                0x2000044c                        _end = end
                0x2000044c                        __end = end
                0x2000044c                        . = (. + _HEAP_SIZE)
                0x2000044c                        _heap_top = .

.stack          0x2000044c     0x1000 load address 0x08004f98
                0x2000044c                        . = ALIGN (0x4)
                0x2000044c                        _stack_bottom = .
                0x2000144c                        . = (. + _STACK_SIZE)
 *fill*         0x2000044c     0x1000 
                0x2000144c                        _stack_top = .

/DISCARD/
 libc.a(*)
 libm.a(*)
 libgcc.a(*)

.ARM.attributes
                0x00000000       0x2e
 *(.ARM.attributes)
 .ARM.attributes
                0x00000000       0x1e /usr/lib/gcc/arm-none-eabi/13.2.1/thumb/v7e-m/nofp/crti.o
 .ARM.attributes
                0x0000001e       0x2e /usr/lib/gcc/arm-none-eabi/13.2.1/thumb/v7e-m/nofp/crtbegin.o
 .ARM.attributes
                0x0000004c       0x32 out/main.o
 .ARM.attributes
                0x0000007e       0x32 out/pingpong.o
 .ARM.attributes
                0x000000b0       0x32 out/tremo_it.o
 .ARM.attributes
                0x000000e2       0x32 out/printf-stdarg.o
 .ARM.attributes
                0x00000114       0x32 out/system_cm4.o
 .ARM.attributes
                0x00000146       0x32 out/tremo_delay.o
 .ARM.attributes
                0x00000178       0x32 out/tremo_gpio.o
 .ARM.attributes
                0x000001aa       0x32 out/tremo_pwr.o
 .ARM.attributes
                0x000001dc       0x32 out/tremo_rcc.o
 .ARM.attributes
                0x0000020e       0x32 out/tremo_rtc.o
 .ARM.attributes
                0x00000240       0x32 out/tremo_system.o
 .ARM.attributes
                0x00000272       0x32 out/tremo_uart.o
 .ARM.attributes
                0x000002a4       0x32 out/delay.o
 .ARM.attributes
                0x000002d6       0x32 out/timer.o
 .ARM.attributes
                0x00000308       0x32 out/radio.o
 .ARM.attributes
                0x0000033a       0x32 out/sx126x.o
 .ARM.attributes
                0x0000036c       0x32 out/rtc-board.o
 .ARM.attributes
                0x0000039e       0x32 out/sx1262-board.o
 .ARM.attributes
                0x000003d0       0x32 out/utilities.o
 .ARM.attributes
                0x00000402       0x21 out/startup_cm4.o
 .ARM.attributes
                0x00000423       0x1e /usr/lib/gcc/arm-none-eabi/13.2.1/thumb/v7e-m/nofp/libgcc.a(_arm_addsubdf3.o)
 .ARM.attributes
                0x00000441       0x1e /usr/lib/gcc/arm-none-eabi/13.2.1/thumb/v7e-m/nofp/libgcc.a(_arm_muldivdf3.o)
 .ARM.attributes
                0x0000045f       0x1e /usr/lib/gcc/arm-none-eabi/13.2.1/thumb/v7e-m/nofp/libgcc.a(_arm_cmpdf2.o)
 .ARM.attributes
                0x0000047d       0x1e /usr/lib/gcc/arm-none-eabi/13.2.1/thumb/v7e-m/nofp/libgcc.a(_arm_fixdfsi.o)
 .ARM.attributes
                0x0000049b       0x1e /usr/lib/gcc/arm-none-eabi/13.2.1/thumb/v7e-m/nofp/libgcc.a(_arm_fixunsdfsi.o)
 .ARM.attributes
                0x000004b9       0x1e /usr/lib/gcc/arm-none-eabi/13.2.1/thumb/v7e-m/nofp/libgcc.a(_aeabi_uldivmod.o)
 .ARM.attributes
                0x000004d7       0x2e /usr/lib/gcc/arm-none-eabi/13.2.1/thumb/v7e-m/nofp/libgcc.a(_fixunsdfdi.o)
 .ARM.attributes
                0x00000505       0x2e /usr/lib/gcc/arm-none-eabi/13.2.1/thumb/v7e-m/nofp/libgcc.a(_udivmoddi4.o)
 .ARM.attributes
                0x00000533       0x1e /usr/lib/gcc/arm-none-eabi/13.2.1/thumb/v7e-m/nofp/libgcc.a(_dvmd_tls.o)
 .ARM.attributes
                0x00000551       0x2e /usr/lib/gcc/arm-none-eabi/13.2.1/../../../arm-none-eabi/lib/thumb/v7e-m/nofp/libc.a(libc_a-memset.o)
 .ARM.attributes
                0x0000057f       0x1c /usr/lib/gcc/arm-none-eabi/13.2.1/../../../arm-none-eabi/lib/thumb/v7e-m/nofp/libc.a(libc_a-memcpy.o)
 .ARM.attributes
                0x0000059b       0x2e /usr/lib/gcc/arm-none-eabi/13.2.1/../../../arm-none-eabi/lib/thumb/v7e-m/nofp/libc.a(libc_a-init.o)
 .ARM.attributes
                0x000005c9       0x2e /usr/lib/gcc/arm-none-eabi/13.2.1/../../../arm-none-eabi/lib/thumb/v7e-m/nofp/libc.a(libc_a-atexit.o)
 .ARM.attributes
                0x000005f7       0x2e /usr/lib/gcc/arm-none-eabi/13.2.1/../../../arm-none-eabi/lib/thumb/v7e-m/nofp/libc.a(libc_a-fini.o)
 .ARM.attributes
                0x00000625       0x2e /usr/lib/gcc/arm-none-eabi/13.2.1/../../../arm-none-eabi/lib/thumb/v7e-m/nofp/libc.a(libc_a-__call_atexit.o)
 .ARM.attributes
                0x00000653       0x2e /usr/lib/gcc/arm-none-eabi/13.2.1/../../../arm-none-eabi/lib/thumb/v7e-m/nofp/libc.a(libc_a-__atexit.o)
 .ARM.attributes
                0x00000681       0x2e /usr/lib/gcc/arm-none-eabi/13.2.1/thumb/v7e-m/nofp/crtend.o
 .ARM.attributes
                0x000006af       0x1e /usr/lib/gcc/arm-none-eabi/13.2.1/thumb/v7e-m/nofp/crtn.o
OUTPUT(out/pingpong2-f.elf elf32-littlearm)
LOAD linker stubs
LOAD /usr/lib/gcc/arm-none-eabi/13.2.1/../../../arm-none-eabi/lib/thumb/v7e-m/nofp/libc.a
LOAD /usr/lib/gcc/arm-none-eabi/13.2.1/../../../arm-none-eabi/lib/thumb/v7e-m/nofp/libm.a
LOAD /usr/lib/gcc/arm-none-eabi/13.2.1/thumb/v7e-m/nofp/libgcc.a

.comment        0x00000000       0x26
 .comment       0x00000000       0x26 /usr/lib/gcc/arm-none-eabi/13.2.1/thumb/v7e-m/nofp/crtbegin.o
                                 0x27 (size before relaxing)
 .comment       0x00000026       0x27 out/main.o
 .comment       0x00000026       0x27 out/pingpong.o
 .comment       0x00000026       0x27 out/tremo_it.o
 .comment       0x00000026       0x27 out/printf-stdarg.o
 .comment       0x00000026       0x27 out/system_cm4.o
 .comment       0x00000026       0x27 out/tremo_delay.o
 .comment       0x00000026       0x27 out/tremo_gpio.o
 .comment       0x00000026       0x27 out/tremo_pwr.o
 .comment       0x00000026       0x27 out/tremo_rcc.o
 .comment       0x00000026       0x27 out/tremo_rtc.o
 .comment       0x00000026       0x27 out/tremo_system.o
 .comment       0x00000026       0x27 out/tremo_uart.o
 .comment       0x00000026       0x27 out/delay.o
 .comment       0x00000026       0x27 out/timer.o
 .comment       0x00000026       0x27 out/radio.o
 .comment       0x00000026       0x27 out/sx126x.o
 .comment       0x00000026       0x27 out/rtc-board.o
 .comment       0x00000026       0x27 out/sx1262-board.o
 .comment       0x00000026       0x27 out/utilities.o
 .comment       0x00000026       0x27 /usr/lib/gcc/arm-none-eabi/13.2.1/thumb/v7e-m/nofp/libgcc.a(_fixunsdfdi.o)
 .comment       0x00000026       0x27 /usr/lib/gcc/arm-none-eabi/13.2.1/thumb/v7e-m/nofp/libgcc.a(_udivmoddi4.o)
 .comment       0x00000026       0x27 /usr/lib/gcc/arm-none-eabi/13.2.1/../../../arm-none-eabi/lib/thumb/v7e-m/nofp/libc.a(libc_a-memset.o)
 .comment       0x00000026       0x27 /usr/lib/gcc/arm-none-eabi/13.2.1/../../../arm-none-eabi/lib/thumb/v7e-m/nofp/libc.a(libc_a-init.o)
 .comment       0x00000026       0x27 /usr/lib/gcc/arm-none-eabi/13.2.1/../../../arm-none-eabi/lib/thumb/v7e-m/nofp/libc.a(libc_a-atexit.o)
 .comment       0x00000026       0x27 /usr/lib/gcc/arm-none-eabi/13.2.1/../../../arm-none-eabi/lib/thumb/v7e-m/nofp/libc.a(libc_a-fini.o)
 .comment       0x00000026       0x27 /usr/lib/gcc/arm-none-eabi/13.2.1/../../../arm-none-eabi/lib/thumb/v7e-m/nofp/libc.a(libc_a-__call_atexit.o)
 .comment       0x00000026       0x27 /usr/lib/gcc/arm-none-eabi/13.2.1/../../../arm-none-eabi/lib/thumb/v7e-m/nofp/libc.a(libc_a-__atexit.o)
 .comment       0x00000026       0x27 /usr/lib/gcc/arm-none-eabi/13.2.1/thumb/v7e-m/nofp/crtend.o

.debug_line     0x00000000     0x1402
 .debug_line    0x00000000      0x16f /usr/lib/gcc/arm-none-eabi/13.2.1/thumb/v7e-m/nofp/libgcc.a(_arm_addsubdf3.o)
 .debug_line    0x0000016f      0x184 /usr/lib/gcc/arm-none-eabi/13.2.1/thumb/v7e-m/nofp/libgcc.a(_arm_muldivdf3.o)
 .debug_line    0x000002f3       0xa6 /usr/lib/gcc/arm-none-eabi/13.2.1/thumb/v7e-m/nofp/libgcc.a(_arm_cmpdf2.o)
 .debug_line    0x00000399       0x62 /usr/lib/gcc/arm-none-eabi/13.2.1/thumb/v7e-m/nofp/libgcc.a(_arm_fixdfsi.o)
 .debug_line    0x000003fb       0x5e /usr/lib/gcc/arm-none-eabi/13.2.1/thumb/v7e-m/nofp/libgcc.a(_arm_fixunsdfsi.o)
 .debug_line    0x00000459       0x4e /usr/lib/gcc/arm-none-eabi/13.2.1/thumb/v7e-m/nofp/libgcc.a(_aeabi_uldivmod.o)
 .debug_line    0x000004a7       0xad /usr/lib/gcc/arm-none-eabi/13.2.1/thumb/v7e-m/nofp/libgcc.a(_fixunsdfdi.o)
 .debug_line    0x00000554      0x574 /usr/lib/gcc/arm-none-eabi/13.2.1/thumb/v7e-m/nofp/libgcc.a(_udivmoddi4.o)
 .debug_line    0x00000ac8       0x4a /usr/lib/gcc/arm-none-eabi/13.2.1/thumb/v7e-m/nofp/libgcc.a(_dvmd_tls.o)
 .debug_line    0x00000b12      0x1b6 /usr/lib/gcc/arm-none-eabi/13.2.1/../../../arm-none-eabi/lib/thumb/v7e-m/nofp/libc.a(libc_a-memset.o)
 .debug_line    0x00000cc8       0xb9 /usr/lib/gcc/arm-none-eabi/13.2.1/../../../arm-none-eabi/lib/thumb/v7e-m/nofp/libc.a(libc_a-memcpy.o)
 .debug_line    0x00000d81      0x11e /usr/lib/gcc/arm-none-eabi/13.2.1/../../../arm-none-eabi/lib/thumb/v7e-m/nofp/libc.a(libc_a-init.o)
 .debug_line    0x00000e9f       0xc3 /usr/lib/gcc/arm-none-eabi/13.2.1/../../../arm-none-eabi/lib/thumb/v7e-m/nofp/libc.a(libc_a-atexit.o)
 .debug_line    0x00000f62       0xd2 /usr/lib/gcc/arm-none-eabi/13.2.1/../../../arm-none-eabi/lib/thumb/v7e-m/nofp/libc.a(libc_a-fini.o)
 .debug_line    0x00001034      0x27f /usr/lib/gcc/arm-none-eabi/13.2.1/../../../arm-none-eabi/lib/thumb/v7e-m/nofp/libc.a(libc_a-__call_atexit.o)
 .debug_line    0x000012b3      0x14f /usr/lib/gcc/arm-none-eabi/13.2.1/../../../arm-none-eabi/lib/thumb/v7e-m/nofp/libc.a(libc_a-__atexit.o)

.debug_line_str
                0x00000000      0x13e
 .debug_line_str
                0x00000000      0x13e /usr/lib/gcc/arm-none-eabi/13.2.1/thumb/v7e-m/nofp/libgcc.a(_arm_addsubdf3.o)
                                 0x99 (size before relaxing)
 .debug_line_str
                0x0000013e       0x99 /usr/lib/gcc/arm-none-eabi/13.2.1/thumb/v7e-m/nofp/libgcc.a(_arm_muldivdf3.o)
 .debug_line_str
                0x0000013e       0x99 /usr/lib/gcc/arm-none-eabi/13.2.1/thumb/v7e-m/nofp/libgcc.a(_arm_cmpdf2.o)
 .debug_line_str
                0x0000013e       0x99 /usr/lib/gcc/arm-none-eabi/13.2.1/thumb/v7e-m/nofp/libgcc.a(_arm_fixdfsi.o)
 .debug_line_str
                0x0000013e       0x99 /usr/lib/gcc/arm-none-eabi/13.2.1/thumb/v7e-m/nofp/libgcc.a(_arm_fixunsdfsi.o)
 .debug_line_str
                0x0000013e       0x94 /usr/lib/gcc/arm-none-eabi/13.2.1/thumb/v7e-m/nofp/libgcc.a(_aeabi_uldivmod.o)
 .debug_line_str
                0x0000013e       0x98 /usr/lib/gcc/arm-none-eabi/13.2.1/thumb/v7e-m/nofp/libgcc.a(_dvmd_tls.o)
 .debug_line_str
                0x0000013e       0x91 /usr/lib/gcc/arm-none-eabi/13.2.1/../../../arm-none-eabi/lib/thumb/v7e-m/nofp/libc.a(libc_a-memcpy.o)

.debug_info     0x00000000     0x1653
 .debug_info    0x00000000       0xd3 /usr/lib/gcc/arm-none-eabi/13.2.1/thumb/v7e-m/nofp/libgcc.a(_arm_addsubdf3.o)
 .debug_info    0x000000d3       0x57 /usr/lib/gcc/arm-none-eabi/13.2.1/thumb/v7e-m/nofp/libgcc.a(_arm_muldivdf3.o)
 .debug_info    0x0000012a       0xdf /usr/lib/gcc/arm-none-eabi/13.2.1/thumb/v7e-m/nofp/libgcc.a(_arm_cmpdf2.o)
 .debug_info    0x00000209       0x3c /usr/lib/gcc/arm-none-eabi/13.2.1/thumb/v7e-m/nofp/libgcc.a(_arm_fixdfsi.o)
 .debug_info    0x00000245       0x3c /usr/lib/gcc/arm-none-eabi/13.2.1/thumb/v7e-m/nofp/libgcc.a(_arm_fixunsdfsi.o)
 .debug_info    0x00000281       0x24 /usr/lib/gcc/arm-none-eabi/13.2.1/thumb/v7e-m/nofp/libgcc.a(_aeabi_uldivmod.o)
 .debug_info    0x000002a5      0x374 /usr/lib/gcc/arm-none-eabi/13.2.1/thumb/v7e-m/nofp/libgcc.a(_fixunsdfdi.o)
 .debug_info    0x00000619      0x6f5 /usr/lib/gcc/arm-none-eabi/13.2.1/thumb/v7e-m/nofp/libgcc.a(_udivmoddi4.o)
 .debug_info    0x00000d0e       0x3c /usr/lib/gcc/arm-none-eabi/13.2.1/thumb/v7e-m/nofp/libgcc.a(_dvmd_tls.o)
 .debug_info    0x00000d4a      0x135 /usr/lib/gcc/arm-none-eabi/13.2.1/../../../arm-none-eabi/lib/thumb/v7e-m/nofp/libc.a(libc_a-memset.o)
 .debug_info    0x00000e7f       0x33 /usr/lib/gcc/arm-none-eabi/13.2.1/../../../arm-none-eabi/lib/thumb/v7e-m/nofp/libc.a(libc_a-memcpy.o)
 .debug_info    0x00000eb2      0x10b /usr/lib/gcc/arm-none-eabi/13.2.1/../../../arm-none-eabi/lib/thumb/v7e-m/nofp/libc.a(libc_a-init.o)
 .debug_info    0x00000fbd      0x11e /usr/lib/gcc/arm-none-eabi/13.2.1/../../../arm-none-eabi/lib/thumb/v7e-m/nofp/libc.a(libc_a-atexit.o)
 .debug_info    0x000010db       0xf7 /usr/lib/gcc/arm-none-eabi/13.2.1/../../../arm-none-eabi/lib/thumb/v7e-m/nofp/libc.a(libc_a-fini.o)
 .debug_info    0x000011d2      0x284 /usr/lib/gcc/arm-none-eabi/13.2.1/../../../arm-none-eabi/lib/thumb/v7e-m/nofp/libc.a(libc_a-__call_atexit.o)
 .debug_info    0x00001456      0x1fd /usr/lib/gcc/arm-none-eabi/13.2.1/../../../arm-none-eabi/lib/thumb/v7e-m/nofp/libc.a(libc_a-__atexit.o)

.debug_abbrev   0x00000000      0x9d8
 .debug_abbrev  0x00000000       0x28 /usr/lib/gcc/arm-none-eabi/13.2.1/thumb/v7e-m/nofp/libgcc.a(_arm_addsubdf3.o)
 .debug_abbrev  0x00000028       0x28 /usr/lib/gcc/arm-none-eabi/13.2.1/thumb/v7e-m/nofp/libgcc.a(_arm_muldivdf3.o)
 .debug_abbrev  0x00000050       0x28 /usr/lib/gcc/arm-none-eabi/13.2.1/thumb/v7e-m/nofp/libgcc.a(_arm_cmpdf2.o)
 .debug_abbrev  0x00000078       0x28 /usr/lib/gcc/arm-none-eabi/13.2.1/thumb/v7e-m/nofp/libgcc.a(_arm_fixdfsi.o)
 .debug_abbrev  0x000000a0       0x28 /usr/lib/gcc/arm-none-eabi/13.2.1/thumb/v7e-m/nofp/libgcc.a(_arm_fixunsdfsi.o)
 .debug_abbrev  0x000000c8       0x14 /usr/lib/gcc/arm-none-eabi/13.2.1/thumb/v7e-m/nofp/libgcc.a(_aeabi_uldivmod.o)
 .debug_abbrev  0x000000dc      0x103 /usr/lib/gcc/arm-none-eabi/13.2.1/thumb/v7e-m/nofp/libgcc.a(_fixunsdfdi.o)
 .debug_abbrev  0x000001df      0x16a /usr/lib/gcc/arm-none-eabi/13.2.1/thumb/v7e-m/nofp/libgcc.a(_udivmoddi4.o)
 .debug_abbrev  0x00000349       0x26 /usr/lib/gcc/arm-none-eabi/13.2.1/thumb/v7e-m/nofp/libgcc.a(_dvmd_tls.o)
 .debug_abbrev  0x0000036f       0xb7 /usr/lib/gcc/arm-none-eabi/13.2.1/../../../arm-none-eabi/lib/thumb/v7e-m/nofp/libc.a(libc_a-memset.o)
 .debug_abbrev  0x00000426       0x28 /usr/lib/gcc/arm-none-eabi/13.2.1/../../../arm-none-eabi/lib/thumb/v7e-m/nofp/libc.a(libc_a-memcpy.o)
 .debug_abbrev  0x0000044e       0xc9 /usr/lib/gcc/arm-none-eabi/13.2.1/../../../arm-none-eabi/lib/thumb/v7e-m/nofp/libc.a(libc_a-init.o)
 .debug_abbrev  0x00000517       0xc1 /usr/lib/gcc/arm-none-eabi/13.2.1/../../../arm-none-eabi/lib/thumb/v7e-m/nofp/libc.a(libc_a-atexit.o)
 .debug_abbrev  0x000005d8       0xcc /usr/lib/gcc/arm-none-eabi/13.2.1/../../../arm-none-eabi/lib/thumb/v7e-m/nofp/libc.a(libc_a-fini.o)
 .debug_abbrev  0x000006a4      0x1dd /usr/lib/gcc/arm-none-eabi/13.2.1/../../../arm-none-eabi/lib/thumb/v7e-m/nofp/libc.a(libc_a-__call_atexit.o)
 .debug_abbrev  0x00000881      0x157 /usr/lib/gcc/arm-none-eabi/13.2.1/../../../arm-none-eabi/lib/thumb/v7e-m/nofp/libc.a(libc_a-__atexit.o)

.debug_aranges  0x00000000      0x208
 .debug_aranges
                0x00000000       0x20 /usr/lib/gcc/arm-none-eabi/13.2.1/thumb/v7e-m/nofp/libgcc.a(_arm_addsubdf3.o)
 .debug_aranges
                0x00000020       0x20 /usr/lib/gcc/arm-none-eabi/13.2.1/thumb/v7e-m/nofp/libgcc.a(_arm_muldivdf3.o)
 .debug_aranges
                0x00000040       0x20 /usr/lib/gcc/arm-none-eabi/13.2.1/thumb/v7e-m/nofp/libgcc.a(_arm_cmpdf2.o)
 .debug_aranges
                0x00000060       0x20 /usr/lib/gcc/arm-none-eabi/13.2.1/thumb/v7e-m/nofp/libgcc.a(_arm_fixdfsi.o)
 .debug_aranges
                0x00000080       0x20 /usr/lib/gcc/arm-none-eabi/13.2.1/thumb/v7e-m/nofp/libgcc.a(_arm_fixunsdfsi.o)
 .debug_aranges
                0x000000a0       0x20 /usr/lib/gcc/arm-none-eabi/13.2.1/thumb/v7e-m/nofp/libgcc.a(_aeabi_uldivmod.o)
 .debug_aranges
                0x000000c0       0x20 /usr/lib/gcc/arm-none-eabi/13.2.1/thumb/v7e-m/nofp/libgcc.a(_fixunsdfdi.o)
 .debug_aranges
                0x000000e0       0x20 /usr/lib/gcc/arm-none-eabi/13.2.1/thumb/v7e-m/nofp/libgcc.a(_udivmoddi4.o)
 .debug_aranges
                0x00000100       0x20 /usr/lib/gcc/arm-none-eabi/13.2.1/thumb/v7e-m/nofp/libgcc.a(_dvmd_tls.o)
 .debug_aranges
                0x00000120       0x20 /usr/lib/gcc/arm-none-eabi/13.2.1/../../../arm-none-eabi/lib/thumb/v7e-m/nofp/libc.a(libc_a-memset.o)
 .debug_aranges
                0x00000140       0x20 /usr/lib/gcc/arm-none-eabi/13.2.1/../../../arm-none-eabi/lib/thumb/v7e-m/nofp/libc.a(libc_a-memcpy.o)
 .debug_aranges
                0x00000160       0x20 /usr/lib/gcc/arm-none-eabi/13.2.1/../../../arm-none-eabi/lib/thumb/v7e-m/nofp/libc.a(libc_a-init.o)
 .debug_aranges
                0x00000180       0x20 /usr/lib/gcc/arm-none-eabi/13.2.1/../../../arm-none-eabi/lib/thumb/v7e-m/nofp/libc.a(libc_a-atexit.o)
 .debug_aranges
                0x000001a0       0x20 /usr/lib/gcc/arm-none-eabi/13.2.1/../../../arm-none-eabi/lib/thumb/v7e-m/nofp/libc.a(libc_a-fini.o)
 .debug_aranges
                0x000001c0       0x28 /usr/lib/gcc/arm-none-eabi/13.2.1/../../../arm-none-eabi/lib/thumb/v7e-m/nofp/libc.a(libc_a-__call_atexit.o)
 .debug_aranges
                0x000001e8       0x20 /usr/lib/gcc/arm-none-eabi/13.2.1/../../../arm-none-eabi/lib/thumb/v7e-m/nofp/libc.a(libc_a-__atexit.o)

.debug_str      0x00000000      0xd3b
 .debug_str     0x00000000      0xd3b /usr/lib/gcc/arm-none-eabi/13.2.1/thumb/v7e-m/nofp/libgcc.a(_arm_addsubdf3.o)
                                0x151 (size before relaxing)
 .debug_str     0x00000d3b       0xd1 /usr/lib/gcc/arm-none-eabi/13.2.1/thumb/v7e-m/nofp/libgcc.a(_arm_muldivdf3.o)
 .debug_str     0x00000d3b      0x15a /usr/lib/gcc/arm-none-eabi/13.2.1/thumb/v7e-m/nofp/libgcc.a(_arm_cmpdf2.o)
 .debug_str     0x00000d3b       0xbc /usr/lib/gcc/arm-none-eabi/13.2.1/thumb/v7e-m/nofp/libgcc.a(_arm_fixdfsi.o)
 .debug_str     0x00000d3b       0xc0 /usr/lib/gcc/arm-none-eabi/13.2.1/thumb/v7e-m/nofp/libgcc.a(_arm_fixunsdfsi.o)
 .debug_str     0x00000d3b       0xa0 /usr/lib/gcc/arm-none-eabi/13.2.1/thumb/v7e-m/nofp/libgcc.a(_aeabi_uldivmod.o)
 .debug_str     0x00000d3b      0x667 /usr/lib/gcc/arm-none-eabi/13.2.1/thumb/v7e-m/nofp/libgcc.a(_fixunsdfdi.o)
 .debug_str     0x00000d3b      0x67f /usr/lib/gcc/arm-none-eabi/13.2.1/thumb/v7e-m/nofp/libgcc.a(_udivmoddi4.o)
 .debug_str     0x00000d3b       0xc0 /usr/lib/gcc/arm-none-eabi/13.2.1/thumb/v7e-m/nofp/libgcc.a(_dvmd_tls.o)
 .debug_str     0x00000d3b      0x1a2 /usr/lib/gcc/arm-none-eabi/13.2.1/../../../arm-none-eabi/lib/thumb/v7e-m/nofp/libc.a(libc_a-memset.o)
 .debug_str     0x00000d3b       0xa4 /usr/lib/gcc/arm-none-eabi/13.2.1/../../../arm-none-eabi/lib/thumb/v7e-m/nofp/libc.a(libc_a-memcpy.o)
 .debug_str     0x00000d3b      0x1ef /usr/lib/gcc/arm-none-eabi/13.2.1/../../../arm-none-eabi/lib/thumb/v7e-m/nofp/libc.a(libc_a-init.o)
 .debug_str     0x00000d3b      0x1cb /usr/lib/gcc/arm-none-eabi/13.2.1/../../../arm-none-eabi/lib/thumb/v7e-m/nofp/libc.a(libc_a-atexit.o)
 .debug_str     0x00000d3b      0x1c5 /usr/lib/gcc/arm-none-eabi/13.2.1/../../../arm-none-eabi/lib/thumb/v7e-m/nofp/libc.a(libc_a-fini.o)
 .debug_str     0x00000d3b      0x258 /usr/lib/gcc/arm-none-eabi/13.2.1/../../../arm-none-eabi/lib/thumb/v7e-m/nofp/libc.a(libc_a-__call_atexit.o)
 .debug_str     0x00000d3b      0x236 /usr/lib/gcc/arm-none-eabi/13.2.1/../../../arm-none-eabi/lib/thumb/v7e-m/nofp/libc.a(libc_a-__atexit.o)

.debug_frame    0x00000000      0x3c8
 .debug_frame   0x00000000       0xac /usr/lib/gcc/arm-none-eabi/13.2.1/thumb/v7e-m/nofp/libgcc.a(_arm_addsubdf3.o)
 .debug_frame   0x000000ac       0x50 /usr/lib/gcc/arm-none-eabi/13.2.1/thumb/v7e-m/nofp/libgcc.a(_arm_muldivdf3.o)
 .debug_frame   0x000000fc       0xc4 /usr/lib/gcc/arm-none-eabi/13.2.1/thumb/v7e-m/nofp/libgcc.a(_arm_cmpdf2.o)
 .debug_frame   0x000001c0       0x24 /usr/lib/gcc/arm-none-eabi/13.2.1/thumb/v7e-m/nofp/libgcc.a(_arm_fixdfsi.o)
 .debug_frame   0x000001e4       0x24 /usr/lib/gcc/arm-none-eabi/13.2.1/thumb/v7e-m/nofp/libgcc.a(_arm_fixunsdfsi.o)
 .debug_frame   0x00000208       0x2c /usr/lib/gcc/arm-none-eabi/13.2.1/thumb/v7e-m/nofp/libgcc.a(_aeabi_uldivmod.o)
 .debug_frame   0x00000234       0x2c /usr/lib/gcc/arm-none-eabi/13.2.1/thumb/v7e-m/nofp/libgcc.a(_fixunsdfdi.o)
 .debug_frame   0x00000260       0x34 /usr/lib/gcc/arm-none-eabi/13.2.1/thumb/v7e-m/nofp/libgcc.a(_udivmoddi4.o)
 .debug_frame   0x00000294       0x2c /usr/lib/gcc/arm-none-eabi/13.2.1/../../../arm-none-eabi/lib/thumb/v7e-m/nofp/libc.a(libc_a-memset.o)
 .debug_frame   0x000002c0       0x2c /usr/lib/gcc/arm-none-eabi/13.2.1/../../../arm-none-eabi/lib/thumb/v7e-m/nofp/libc.a(libc_a-init.o)
 .debug_frame   0x000002ec       0x20 /usr/lib/gcc/arm-none-eabi/13.2.1/../../../arm-none-eabi/lib/thumb/v7e-m/nofp/libc.a(libc_a-atexit.o)
 .debug_frame   0x0000030c       0x34 /usr/lib/gcc/arm-none-eabi/13.2.1/../../../arm-none-eabi/lib/thumb/v7e-m/nofp/libc.a(libc_a-fini.o)
 .debug_frame   0x00000340       0x54 /usr/lib/gcc/arm-none-eabi/13.2.1/../../../arm-none-eabi/lib/thumb/v7e-m/nofp/libc.a(libc_a-__call_atexit.o)
 .debug_frame   0x00000394       0x34 /usr/lib/gcc/arm-none-eabi/13.2.1/../../../arm-none-eabi/lib/thumb/v7e-m/nofp/libc.a(libc_a-__atexit.o)

.debug_loclists
                0x00000000      0xeda
 .debug_loclists
                0x00000000       0x7a /usr/lib/gcc/arm-none-eabi/13.2.1/thumb/v7e-m/nofp/libgcc.a(_fixunsdfdi.o)
 .debug_loclists
                0x0000007a      0x9e4 /usr/lib/gcc/arm-none-eabi/13.2.1/thumb/v7e-m/nofp/libgcc.a(_udivmoddi4.o)
 .debug_loclists
                0x00000a5e      0x1c2 /usr/lib/gcc/arm-none-eabi/13.2.1/../../../arm-none-eabi/lib/thumb/v7e-m/nofp/libc.a(libc_a-memset.o)
 .debug_loclists
                0x00000c20       0x65 /usr/lib/gcc/arm-none-eabi/13.2.1/../../../arm-none-eabi/lib/thumb/v7e-m/nofp/libc.a(libc_a-init.o)
 .debug_loclists
                0x00000c85       0x2b /usr/lib/gcc/arm-none-eabi/13.2.1/../../../arm-none-eabi/lib/thumb/v7e-m/nofp/libc.a(libc_a-atexit.o)
 .debug_loclists
                0x00000cb0       0x42 /usr/lib/gcc/arm-none-eabi/13.2.1/../../../arm-none-eabi/lib/thumb/v7e-m/nofp/libc.a(libc_a-fini.o)
 .debug_loclists
                0x00000cf2      0x102 /usr/lib/gcc/arm-none-eabi/13.2.1/../../../arm-none-eabi/lib/thumb/v7e-m/nofp/libc.a(libc_a-__call_atexit.o)
 .debug_loclists
                0x00000df4       0xe6 /usr/lib/gcc/arm-none-eabi/13.2.1/../../../arm-none-eabi/lib/thumb/v7e-m/nofp/libc.a(libc_a-__atexit.o)

.debug_rnglists
                0x00000000       0xbe
 .debug_rnglists
                0x00000000       0x84 /usr/lib/gcc/arm-none-eabi/13.2.1/thumb/v7e-m/nofp/libgcc.a(_udivmoddi4.o)
 .debug_rnglists
                0x00000084       0x3a /usr/lib/gcc/arm-none-eabi/13.2.1/../../../arm-none-eabi/lib/thumb/v7e-m/nofp/libc.a(libc_a-__call_atexit.o)
