Archive member included to satisfy reference by file (symbol)

/home/hung/Desktop/lora-repo/AI-THINKER-NEWVERSION/Ai-Thinker-LoRaWAN-Ra-08-new/drivers/crypto/lib/libcrypto.a(aes.o)
                              out/cmac.o (aes_init)
/usr/lib/gcc/arm-none-eabi/13.2.1/thumb/v7e-m/nofp/libgcc.a(_arm_muldf3.o)
                              out/printf-stdarg.o (__aeabi_dmul)
/usr/lib/gcc/arm-none-eabi/13.2.1/thumb/v7e-m/nofp/libgcc.a(_arm_addsubdf3.o)
                              out/printf-stdarg.o (__aeabi_dsub)
/usr/lib/gcc/arm-none-eabi/13.2.1/thumb/v7e-m/nofp/libgcc.a(_arm_muldivdf3.o)
                              out/printf-stdarg.o (__aeabi_ddiv)
/usr/lib/gcc/arm-none-eabi/13.2.1/thumb/v7e-m/nofp/libgcc.a(_arm_cmpdf2.o)
                              out/printf-stdarg.o (__aeabi_dcmpeq)
/usr/lib/gcc/arm-none-eabi/13.2.1/thumb/v7e-m/nofp/libgcc.a(_arm_fixdfsi.o)
                              out/printf-stdarg.o (__aeabi_d2iz)
/usr/lib/gcc/arm-none-eabi/13.2.1/thumb/v7e-m/nofp/libgcc.a(_arm_fixunsdfsi.o)
                              out/printf-stdarg.o (__aeabi_d2uiz)
/usr/lib/gcc/arm-none-eabi/13.2.1/thumb/v7e-m/nofp/libgcc.a(_aeabi_uldivmod.o)
                              out/printf-stdarg.o (__aeabi_uldivmod)
/usr/lib/gcc/arm-none-eabi/13.2.1/thumb/v7e-m/nofp/libgcc.a(_fixunsdfdi.o)
                              out/rtc-board.o (__aeabi_d2ulz)
/usr/lib/gcc/arm-none-eabi/13.2.1/thumb/v7e-m/nofp/libgcc.a(_udivmoddi4.o)
                              /usr/lib/gcc/arm-none-eabi/13.2.1/thumb/v7e-m/nofp/libgcc.a(_aeabi_uldivmod.o) (__udivmoddi4)
/usr/lib/gcc/arm-none-eabi/13.2.1/thumb/v7e-m/nofp/libgcc.a(_dvmd_tls.o)
                              /usr/lib/gcc/arm-none-eabi/13.2.1/thumb/v7e-m/nofp/libgcc.a(_aeabi_uldivmod.o) (__aeabi_ldiv0)
/usr/lib/gcc/arm-none-eabi/13.2.1/../../../arm-none-eabi/lib/thumb/v7e-m/nofp/libc.a(libc_a-rand.o)
                              out/pingpong.o (srand)
/usr/lib/gcc/arm-none-eabi/13.2.1/../../../arm-none-eabi/lib/thumb/v7e-m/nofp/libc.a(libc_a-memset.o)
                              /usr/lib/gcc/arm-none-eabi/13.2.1/../../../arm-none-eabi/lib/thumb/v7e-m/nofp/crt0.o (memset)
/usr/lib/gcc/arm-none-eabi/13.2.1/../../../arm-none-eabi/lib/thumb/v7e-m/nofp/libc.a(libc_a-strncmp.o)
                              out/pingpong.o (strncmp)
/usr/lib/gcc/arm-none-eabi/13.2.1/../../../arm-none-eabi/lib/thumb/v7e-m/nofp/libc.a(libc_a-impure.o)
                              /usr/lib/gcc/arm-none-eabi/13.2.1/../../../arm-none-eabi/lib/thumb/v7e-m/nofp/libc.a(libc_a-rand.o) (_impure_ptr)
/usr/lib/gcc/arm-none-eabi/13.2.1/../../../arm-none-eabi/lib/thumb/v7e-m/nofp/libc.a(libc_a-memcpy.o)
                              out/pingpong.o (memcpy)
/usr/lib/gcc/arm-none-eabi/13.2.1/../../../arm-none-eabi/lib/thumb/v7e-m/nofp/libc.a(libc_a-init.o)
                              /usr/lib/gcc/arm-none-eabi/13.2.1/../../../arm-none-eabi/lib/thumb/v7e-m/nofp/crt0.o (__libc_init_array)
/usr/lib/gcc/arm-none-eabi/13.2.1/../../../arm-none-eabi/lib/thumb/v7e-m/nofp/libc.a(libc_a-findfp.o)
                              /usr/lib/gcc/arm-none-eabi/13.2.1/../../../arm-none-eabi/lib/thumb/v7e-m/nofp/libc.a(libc_a-impure.o) (__sf)
/usr/lib/gcc/arm-none-eabi/13.2.1/../../../arm-none-eabi/lib/thumb/v7e-m/nofp/libc.a(libc_a-exit.o)
                              /usr/lib/gcc/arm-none-eabi/13.2.1/../../../arm-none-eabi/lib/thumb/v7e-m/nofp/crt0.o (exit)
/usr/lib/gcc/arm-none-eabi/13.2.1/../../../arm-none-eabi/lib/thumb/v7e-m/nofp/libc.a(libc_a-atexit.o)
                              /usr/lib/gcc/arm-none-eabi/13.2.1/../../../arm-none-eabi/lib/thumb/v7e-m/nofp/crt0.o (atexit)
/usr/lib/gcc/arm-none-eabi/13.2.1/../../../arm-none-eabi/lib/thumb/v7e-m/nofp/libc.a(libc_a-fini.o)
                              /usr/lib/gcc/arm-none-eabi/13.2.1/../../../arm-none-eabi/lib/thumb/v7e-m/nofp/crt0.o (__libc_fini_array)
/usr/lib/gcc/arm-none-eabi/13.2.1/../../../arm-none-eabi/lib/thumb/v7e-m/nofp/libc.a(libc_a-fwalk.o)
                              /usr/lib/gcc/arm-none-eabi/13.2.1/../../../arm-none-eabi/lib/thumb/v7e-m/nofp/libc.a(libc_a-findfp.o) (_fwalk_sglue)
/usr/lib/gcc/arm-none-eabi/13.2.1/../../../arm-none-eabi/lib/thumb/v7e-m/nofp/libc.a(libc_a-mallocr.o)
                              /usr/lib/gcc/arm-none-eabi/13.2.1/../../../arm-none-eabi/lib/thumb/v7e-m/nofp/libc.a(libc_a-findfp.o) (_malloc_r)
/usr/lib/gcc/arm-none-eabi/13.2.1/../../../arm-none-eabi/lib/thumb/v7e-m/nofp/libc.a(libc_a-freer.o)
                              /usr/lib/gcc/arm-none-eabi/13.2.1/../../../arm-none-eabi/lib/thumb/v7e-m/nofp/libc.a(libc_a-mallocr.o) (_free_r)
/usr/lib/gcc/arm-none-eabi/13.2.1/../../../arm-none-eabi/lib/thumb/v7e-m/nofp/libc.a(libc_a-fclose.o)
                              /usr/lib/gcc/arm-none-eabi/13.2.1/../../../arm-none-eabi/lib/thumb/v7e-m/nofp/libc.a(libc_a-findfp.o) (_fclose_r)
/usr/lib/gcc/arm-none-eabi/13.2.1/../../../arm-none-eabi/lib/thumb/v7e-m/nofp/libc.a(libc_a-__call_atexit.o)
[...]
Memory Configuration

Name             Origin             Length             Attributes
FLASH            0x08000000         0x00020000         xr
RAM              0x20000000         0x00004000         xrw
*default*        0x00000000         0xffffffff

Linker script and memory map

LOAD /usr/lib/gcc/arm-none-eabi/13.2.1/thumb/v7e-m/nofp/crti.o
LOAD /usr/lib/gcc/arm-none-eabi/13.2.1/thumb/v7e-m/nofp/crtbegin.o
LOAD /usr/lib/gcc/arm-none-eabi/13.2.1/../../../arm-none-eabi/lib/thumb/v7e-m/nofp/crt0.o
LOAD out/main.o
LOAD out/pingpong.o
LOAD out/tremo_it.o
LOAD out/printf-stdarg.o
LOAD out/system_cm4.o
LOAD out/tremo_adc.o
LOAD out/tremo_bstimer.o
LOAD out/tremo_crc.o
LOAD out/tremo_dac.o
LOAD out/tremo_delay.o
LOAD out/tremo_dma.o
LOAD out/tremo_flash.o
LOAD out/tremo_gpio.o
LOAD out/tremo_i2c.o
LOAD out/tremo_i2s.o
LOAD out/tremo_iwdg.o
LOAD out/tremo_lcd.o
LOAD out/tremo_lptimer.o
LOAD out/tremo_lpuart.o
LOAD out/tremo_pwr.o
LOAD out/tremo_rcc.o
LOAD out/tremo_rtc.o
LOAD out/tremo_spi.o
LOAD out/tremo_system.o
LOAD out/tremo_timer.o
LOAD out/tremo_uart.o
LOAD out/tremo_wdg.o
LOAD out/delay.o
LOAD out/timer.o
LOAD out/cmac.o
LOAD out/radio.o
LOAD out/sx126x.o
LOAD out/rtc-board.o
LOAD out/sx1262-board.o
LOAD out/utilities.o
LOAD out/startup_cm4.o
LOAD /home/hung/Desktop/lora-repo/AI-THINKER-NEWVERSION/Ai-Thinker-LoRaWAN-Ra-08-new/drivers/crypto/lib/libcrypto.a
START GROUP
LOAD /usr/lib/gcc/arm-none-eabi/13.2.1/thumb/v7e-m/nofp/libgcc.a
LOAD /usr/lib/gcc/arm-none-eabi/13.2.1/../../../arm-none-eabi/lib/thumb/v7e-m/nofp/libc.a
END GROUP
LOAD /usr/lib/gcc/arm-none-eabi/13.2.1/thumb/v7e-m/nofp/crtend.o
LOAD /usr/lib/gcc/arm-none-eabi/13.2.1/thumb/v7e-m/nofp/crtn.o
                0x20004000                        _estack = 0x20004000
                0x00000000                        _HEAP_SIZE = 0x0
                0x00001000                        _STACK_SIZE = 0x1000

.isr_vector     0x08000000       0xd4
                0x08000000                        . = ALIGN (0x4)
 *(.isr_vector)
 .isr_vector    0x08000000       0xd4 out/startup_cm4.o
                0x08000000                g_pfnVectors
                0x080000d4                        . = ALIGN (0x4)

.text           0x080000d8     0x4e88
                0x080000d8                        . = ALIGN (0x4)
 *(.text)
 .text          0x080000d8       0x88 /usr/lib/gcc/arm-none-eabi/13.2.1/thumb/v7e-m/nofp/crtbegin.o
 .text          0x08000160      0x378 /usr/lib/gcc/arm-none-eabi/13.2.1/thumb/v7e-m/nofp/libgcc.a(_arm_addsubdf3.o)
                0x08000160                __aeabi_drsub
                0x08000168                __aeabi_dsub
                0x08000168                __subdf3
                0x0800016c                __adddf3
                0x0800016c                __aeabi_dadd
                0x080003e4                __aeabi_ui2d
                0x080003e4                __floatunsidf
                0x08000404                __floatsidf
                0x08000404                __aeabi_i2d
                0x08000428                __extendsfdf2
                0x08000428                __aeabi_f2d
                0x0800046c                __aeabi_ul2d
                0x0800046c                __floatundidf
                0x0800047c                __floatdidf
                0x0800047c                __aeabi_l2d
 .text          0x080004d8      0x424 /usr/lib/gcc/arm-none-eabi/13.2.1/thumb/v7e-m/nofp/libgcc.a(_arm_muldivdf3.o)
                0x080004d8                __aeabi_dmul
                0x080004d8                __muldf3
                0x0800072c                __aeabi_ddiv
                0x0800072c                __divdf3
 .text          0x080008fc      0x110 /usr/lib/gcc/arm-none-eabi/13.2.1/thumb/v7e-m/nofp/libgcc.a(_arm_cmpdf2.o)
                0x080008fc                __gtdf2
                0x080008fc                __gedf2
                0x08000904                __ltdf2
                0x08000904                __ledf2
                0x0800090c                __cmpdf2
                0x0800090c                __eqdf2
                0x0800090c                __nedf2
                0x08000988                __aeabi_cdrcmple
                0x08000998                __aeabi_cdcmple
                0x08000998                __aeabi_cdcmpeq
                0x080009a8                __aeabi_dcmpeq
                0x080009bc                __aeabi_dcmplt
                0x080009d0                __aeabi_dcmple
                0x080009e4                __aeabi_dcmpge
                0x080009f8                __aeabi_dcmpgt
 .text          0x08000a0c       0x50 /usr/lib/gcc/arm-none-eabi/13.2.1/thumb/v7e-m/nofp/libgcc.a(_arm_fixdfsi.o)
                0x08000a0c                __fixdfsi
                0x08000a0c                __aeabi_d2iz
 .text          0x08000a5c       0x40 /usr/lib/gcc/arm-none-eabi/13.2.1/thumb/v7e-m/nofp/libgcc.a(_arm_fixunsdfsi.o)
                0x08000a5c                __fixunsdfsi
                0x08000a5c                __aeabi_d2uiz
 .text          0x08000a9c       0x30 /usr/lib/gcc/arm-none-eabi/13.2.1/thumb/v7e-m/nofp/libgcc.a(_aeabi_uldivmod.o)
                0x08000a9c                __aeabi_uldivmod
 .text          0x08000acc       0x3c /usr/lib/gcc/arm-none-eabi/13.2.1/thumb/v7e-m/nofp/libgcc.a(_fixunsdfdi.o)
                0x08000acc                __aeabi_d2ulz
                0x08000acc                __fixunsdfdi
 .text          0x08000b08      0x2bc /usr/lib/gcc/arm-none-eabi/13.2.1/thumb/v7e-m/nofp/libgcc.a(_udivmoddi4.o)
                0x08000b08                __udivmoddi4
 .text          0x08000dc4        0x4 /usr/lib/gcc/arm-none-eabi/13.2.1/thumb/v7e-m/nofp/libgcc.a(_dvmd_tls.o)
                0x08000dc4                __aeabi_ldiv0
                0x08000dc4                __aeabi_idiv0
 .text          0x08000dc8       0x48 /usr/lib/gcc/arm-none-eabi/13.2.1/../../../arm-none-eabi/lib/thumb/v7e-m/nofp/libc.a(libc_a-rand.o)
                0x08000dc8                srand
                0x08000dd8                rand
 .text          0x08000e10       0xa4 /usr/lib/gcc/arm-none-eabi/13.2.1/../../../arm-none-eabi/lib/thumb/v7e-m/nofp/libc.a(libc_a-memset.o)
                0x08000e10                memset
 .text          0x08000eb4       0x8c /usr/lib/gcc/arm-none-eabi/13.2.1/../../../arm-none-eabi/lib/thumb/v7e-m/nofp/libc.a(libc_a-strncmp.o)
                0x08000eb4                strncmp
 .text          0x08000f40      0x134 /usr/lib/gcc/arm-none-eabi/13.2.1/../../../arm-none-eabi/lib/thumb/v7e-m/nofp/libc.a(libc_a-memcpy.o)
                0x08000f40                memcpy
 .text          0x08001074       0x50 /usr/lib/gcc/arm-none-eabi/13.2.1/../../../arm-none-eabi/lib/thumb/v7e-m/nofp/libc.a(libc_a-init.o)
                0x08001074                __libc_init_array
 .text          0x080010c4        0xc /usr/lib/gcc/arm-none-eabi/13.2.1/../../../arm-none-eabi/lib/thumb/v7e-m/nofp/libc.a(libc_a-atexit.o)
                0x080010c4                atexit
 .text          0x080010d0       0x28 /usr/lib/gcc/arm-none-eabi/13.2.1/../../../arm-none-eabi/lib/thumb/v7e-m/nofp/libc.a(libc_a-fini.o)
                0x080010d0                __libc_fini_array
 .text          0x080010f8       0x64 /usr/lib/gcc/arm-none-eabi/13.2.1/../../../arm-none-eabi/lib/thumb/v7e-m/nofp/libc.a(libc_a-__atexit.o)
                0x080010f8                __register_exitproc
 *fill*         0x0800115c        0x4 
 .text          0x08001160       0xf8 /usr/lib/gcc/arm-none-eabi/13.2.1/../../../arm-none-eabi/lib/thumb/v7e-m/nofp/libm.a(libm_a-s_ceil.o)
                0x08001160                ceil
 .text          0x08001258       0x9c /usr/lib/gcc/arm-none-eabi/13.2.1/../../../arm-none-eabi/lib/thumb/v7e-m/nofp/libm.a(libm_a-s_round.o)
                0x08001258                round
 *fill*         0x080012f4        0x4 
 .text          0x080012f8      0x108 /usr/lib/gcc/arm-none-eabi/13.2.1/../../../arm-none-eabi/lib/thumb/v7e-m/nofp/libm.a(libm_a-s_floor.o)
                0x080012f8                floor
 .text          0x08001400      0x124 /usr/lib/gcc/arm-none-eabi/13.2.1/../../../arm-none-eabi/lib/thumb/v7e-m/nofp/libm.a(libm_a-s_rint.o)
                0x08001400                rint
 *(.text*)
 .text.uart_log_init
                0x08001524       0x40 out/main.o
                0x08001524                uart_log_init
 .text.board_init
                0x08001564       0x6a out/main.o
                0x08001564                board_init
 .text.startup.main
                0x080015ce        0xe out/main.o
                0x080015ce                main
 .text.OnTxDone
                0x080015dc       0x18 out/pingpong.o
                0x080015dc                OnTxDone
 .text.OnTxTimeout
                0x080015f4       0x18 out/pingpong.o
                0x080015f4                OnTxTimeout
 .text.OnRxError
                0x0800160c       0x18 out/pingpong.o
                0x0800160c                OnRxError
 .text.OnRxTimeout
                0x08001624       0x24 out/pingpong.o
                0x08001624                OnRxTimeout
 .text.OnRxDone
                0x08001648       0x3c out/pingpong.o
                0x08001648                OnRxDone
 .text.app_start
                0x08001684      0x22c out/pingpong.o
                0x08001684                app_start
 .text.NMI_Handler
                0x080018b0        0x2 out/tremo_it.o
                0x080018b0                NMI_Handler
 .text.HardFault_Handler
                0x080018b2        0x2 out/tremo_it.o
                0x080018b2                HardFault_Handler
 .text.MemManage_Handler
                0x080018b4        0x2 out/tremo_it.o
                0x080018b4                MemManage_Handler
 .text.BusFault_Handler
                0x080018b6        0x2 out/tremo_it.o
                0x080018b6                BusFault_Handler
 .text.UsageFault_Handler
                0x080018b8        0x2 out/tremo_it.o
                0x080018b8                UsageFault_Handler
 .text.SVC_Handler
                0x080018ba        0x2 out/tremo_it.o
                0x080018ba                SVC_Handler
 .text.PendSV_Handler
                0x080018bc        0x2 out/tremo_it.o
                0x080018bc                PendSV_Handler
 .text.SysTick_Handler
                0x080018be        0x2 out/tremo_it.o
                0x080018be                SysTick_Handler
 .text.PWR_IRQHandler
                0x080018c0        0x2 out/tremo_it.o
                0x080018c0                PWR_IRQHandler
 .text.LORA_IRQHandler
                0x080018c2        0x4 out/tremo_it.o
                0x080018c2                LORA_IRQHandler
 .text.RTC_IRQHandler
                0x080018c6        0x4 out/tremo_it.o
                0x080018c6                RTC_IRQHandler
 .text._out_null
                0x080018ca        0x2 out/printf-stdarg.o
 .text._out_rev
                0x080018cc       0x88 out/printf-stdarg.o
 .text._ntoa_format
                0x08001954      0x114 out/printf-stdarg.o
 .text._ntoa_long
                0x08001a68       0x84 out/printf-stdarg.o
 .text._ntoa_long_long
                0x08001aec       0xa0 out/printf-stdarg.o
 *fill*         0x08001b8c        0x4 
 .text._etoa    0x08001b90      0x374 out/printf-stdarg.o
 *fill*         0x08001f04        0x4 
 .text._ftoa    0x08001f08      0x304 out/printf-stdarg.o
 .text._out_char
                0x0800220c       0x10 out/printf-stdarg.o
 .text._vsnprintf
                0x0800221c      0x518 out/printf-stdarg.o
 .text.__wrap_printf
                0x08002734       0x28 out/printf-stdarg.o
                0x08002734                __wrap_printf
 .text.nvic_init
                0x0800275c       0x24 out/system_cm4.o
                0x0800275c                nvic_init
 .text.system_init
                0x08002780       0x44 out/system_cm4.o
                0x08002780                system_init
 .text.delay_init
                0x080027c4       0x48 out/tremo_delay.o
                0x080027c4                delay_init
 .text.delay_us
                0x0800280c       0x38 out/tremo_delay.o
                0x0800280c                delay_us
 .text.delay_ms
                0x08002844        0xa out/tremo_delay.o
                0x08002844                delay_ms
 *fill*         0x0800284e        0x2 
 .text.gpio_init
                0x08002850      0x120 out/tremo_gpio.o
                0x08002850                gpio_init
 .text.gpio_set_iomux
                0x08002970       0x44 out/tremo_gpio.o
                0x08002970                gpio_set_iomux
 .text.pwr_xo32k_lpm_cmd
                0x080029b4       0x18 out/tremo_pwr.o
                0x080029b4                pwr_xo32k_lpm_cmd
 .text.rcc_get_clk_freq
                0x080029cc       0x9c out/tremo_rcc.o
                0x080029cc                rcc_get_clk_freq
 .text.rcc_get_uart0_clk_source
                0x08002a68        0xc out/tremo_rcc.o
                0x08002a68                rcc_get_uart0_clk_source
 .text.rcc_get_uart1_clk_source
                0x08002a74        0xc out/tremo_rcc.o
                0x08002a74                rcc_get_uart1_clk_source
 .text.rcc_get_uart2_clk_source
                0x08002a80        0xc out/tremo_rcc.o
                0x08002a80                rcc_get_uart2_clk_source
 .text.rcc_get_uart3_clk_source
                0x08002a8c        0xc out/tremo_rcc.o
                0x08002a8c                rcc_get_uart3_clk_source
 .text.rcc_get_rtc_clk_source
                0x08002a98        0xc out/tremo_rcc.o
                0x08002a98                rcc_get_rtc_clk_source
 .text.rcc_enable_peripheral_clk
                0x08002aa4      0x4b4 out/tremo_rcc.o
                0x08002aa4                rcc_enable_peripheral_clk
 .text.rcc_enable_oscillator
                0x08002f58       0xfc out/tremo_rcc.o
                0x08002f58                rcc_enable_oscillator
 .text.rcc_rst_peripheral
                0x08003054       0x4a out/tremo_rcc.o
                0x08003054                rcc_rst_peripheral
 .text.rtc_deinit
                0x0800309e       0x1e out/tremo_rtc.o
                0x0800309e                rtc_deinit
 .text.rtc_check_syn
                0x080030bc       0x14 out/tremo_rtc.o
                0x080030bc                rtc_check_syn
 .text.rtc_calendar_cmd
                0x080030d0       0x20 out/tremo_rtc.o
                0x080030d0                rtc_calendar_cmd
 .text.rtc_cyc_cmd
                0x080030f0       0x20 out/tremo_rtc.o
                0x080030f0                rtc_cyc_cmd
 .text.rtc_config_cyc_wakeup
                0x08003110       0x24 out/tremo_rtc.o
                0x08003110                rtc_config_cyc_wakeup
 .text.rtc_get_calendar
                0x08003134       0xdc out/tremo_rtc.o
                0x08003134                rtc_get_calendar
 .text.rtc_set_status
                0x08003210       0x3c out/tremo_rtc.o
                0x08003210                rtc_set_status
 .text.rtc_get_status
                0x0800324c       0x44 out/tremo_rtc.o
                0x0800324c                rtc_get_status
 .text.rtc_config_interrupt
                0x08003290       0x40 out/tremo_rtc.o
                0x08003290                rtc_config_interrupt
 .text.rtc_config_cyc_max
                0x080032d0       0x14 out/tremo_rtc.o
                0x080032d0                rtc_config_cyc_max
 .text.system_get_chip_id
                0x080032e4       0x1c out/tremo_system.o
                0x080032e4                system_get_chip_id
 .text.uart_send_data
                0x08003300        0xa out/tremo_uart.o
                0x08003300                uart_send_data
 .text.uart_config_init
                0x0800330a       0x16 out/tremo_uart.o
                0x0800330a                uart_config_init
 .text.uart_cmd
                0x08003320       0x12 out/tremo_uart.o
                0x08003320                uart_cmd
 *fill*         0x08003332        0x2 
 .text.uart_init
                0x08003334      0x148 out/tremo_uart.o
                0x08003334                uart_init
 .text.DelayMs  0x0800347c        0x4 out/delay.o
                0x0800347c                DelayMs
 .text.TimeStampsUpdate
                0x08003480       0x2c out/timer.o
 .text.TimerInsertNewHeadTimer
                0x080034ac       0x1c out/timer.o
 .text.TimerInit
                0x080034c8        0xe out/timer.o
                0x080034c8                TimerInit
 *fill*         0x080034d6        0x2 
 .text.TimerStart
                0x080034d8       0x78 out/timer.o
                0x080034d8                TimerStart
 .text.TimerIrqHandler
                0x08003550       0x68 out/timer.o
                0x08003550                TimerIrqHandler
 .text.TimerStop
                0x080035b8       0x60 out/timer.o
                0x080035b8                TimerStop
 .text.TimerSetValue
                0x08003618       0x10 out/timer.o
                0x08003618                TimerSetValue
 .text.TimerGetCurrentTime
                0x08003628       0x18 out/timer.o
                0x08003628                TimerGetCurrentTime
 .text.TimerGetElapsedTime
                0x08003640       0x12 out/timer.o
                0x08003640                TimerGetElapsedTime
 .text.RadioCheckRfFrequency
                0x08003652        0x4 out/radio.o
                0x08003652                RadioCheckRfFrequency
 *fill*         0x08003656        0x2 
 .text.RadioOnTxTimeoutIrq
                0x08003658       0x14 out/radio.o
                0x08003658                RadioOnTxTimeoutIrq
 .text.RadioOnRxTimeoutIrq
                0x0800366c       0x14 out/radio.o
                0x0800366c                RadioOnRxTimeoutIrq
 .text.RadioStandby
                0x08003680        0x6 out/radio.o
                0x08003680                RadioStandby
 *fill*         0x08003686        0x2 
 .text.RadioInit
                0x08003688       0x6c out/radio.o
                0x08003688                RadioInit
 .text.RadioGetStatus
                0x080036f4       0x18 out/radio.o
                0x080036f4                RadioGetStatus
 .text.RadioSetChannel
                0x0800370c        0x4 out/radio.o
                0x0800370c                RadioSetChannel
 .text.RadioRssi
                0x08003710        0x8 out/radio.o
                0x08003710                RadioRssi
 .text.RadioRead
                0x08003718        0x4 out/radio.o
                0x08003718                RadioRead
 .text.RadioWrite
                0x0800371c        0x4 out/radio.o
                0x0800371c                RadioWrite
 .text.RadioSend
                0x08003720       0x58 out/radio.o
                0x08003720                RadioSend
 .text.RadioSleep
                0x08003778       0x14 out/radio.o
                0x08003778                RadioSleep
 .text.RadioSetRxDutyCycle
                0x0800378c        0x4 out/radio.o
                0x0800378c                RadioSetRxDutyCycle
 .text.RadioStartCad
                0x08003790       0x6c out/radio.o
                0x08003790                RadioStartCad
 .text.RadioSetTxContinuousWave
                0x080037fc       0x4c out/radio.o
                0x080037fc                RadioSetTxContinuousWave
 .text.RadioWriteBuffer
                0x08003848        0x4 out/radio.o
                0x08003848                RadioWriteBuffer
 .text.RadioReadBuffer
                0x0800384c        0x4 out/radio.o
                0x0800384c                RadioReadBuffer
 .text.RadioGetWakeupTime
                0x08003850        0xa out/radio.o
                0x08003850                RadioGetWakeupTime
 *fill*         0x0800385a        0x2 
 .text.RadioOnCadTimeoutIrq
                0x0800385c       0x20 out/radio.o
                0x0800385c                RadioOnCadTimeoutIrq
 .text.RadioGetFskBandwidthRegValue
                0x0800387c       0x34 out/radio.o
 .text.RadioSetMaxPayloadLength
                0x080038b0       0x30 out/radio.o
                0x080038b0                RadioSetMaxPayloadLength
 .text.RadioRx  0x080038e0       0x48 out/radio.o
                0x080038e0                RadioRx
 .text.RadioRxBoosted
                0x08003928       0x44 out/radio.o
                0x08003928                RadioRxBoosted
 .text.RadioIrqProcess
                0x0800396c      0x178 out/radio.o
                0x0800396c                RadioIrqProcess
 .text.RadioSetPublicNetwork
                0x08003ae4       0x40 out/radio.o
                0x08003ae4                RadioSetPublicNetwork
 .text.RadioSetModem.part.0
                0x08003b24       0x28 out/radio.o
 .text.RadioSetModem
                0x08003b4c       0x24 out/radio.o
                0x08003b4c                RadioSetModem
 .text.RadioIsChannelFree
                0x08003b70       0x4a out/radio.o
                0x08003b70                RadioIsChannelFree
 .text.RadioRandom
                0x08003bba       0x38 out/radio.o
                0x08003bba                RadioRandom
 *fill*         0x08003bf2        0x2 
 .text.RadioSymbTime
                0x08003bf4       0x2c out/radio.o
                0x08003bf4                RadioSymbTime
 .text.RadioSetRxConfig
                0x08003c20      0x228 out/radio.o
                0x08003c20                RadioSetRxConfig
 .text.RadioSetTxConfig
                0x08003e48      0x1a4 out/radio.o
                0x08003e48                RadioSetTxConfig
 *fill*         0x08003fec        0x4 
 .text.RadioTimeOnAir
                0x08003ff0      0x190 out/radio.o
                0x08003ff0                RadioTimeOnAir
 .text.RadioOnDioIrq
                0x08004180       0x24 out/radio.o
                0x08004180                RadioOnDioIrq
 .text.SX126xGetOperatingMode
                0x080041a4        0xc out/sx126x.o
                0x080041a4                SX126xGetOperatingMode
 .text.SX126xSetOperatingMode
                0x080041b0        0xc out/sx126x.o
                0x080041b0                SX126xSetOperatingMode
 .text.SX126xCheckDeviceReady
                0x080041bc       0x38 out/sx126x.o
                0x080041bc                SX126xCheckDeviceReady
 .text.SX126xSetPayload
                0x080041f4        0xa out/sx126x.o
                0x080041f4                SX126xSetPayload
 .text.SX126xSetSyncWord
                0x080041fe       0x12 out/sx126x.o
                0x080041fe                SX126xSetSyncWord
 .text.SX126xSetCrcSeed
                0x08004210       0x24 out/sx126x.o
                0x08004210                SX126xSetCrcSeed
 .text.SX126xSetCrcPolynomial
                0x08004234       0x24 out/sx126x.o
                0x08004234                SX126xSetCrcPolynomial
 .text.SX126xSetWhiteningSeed
                0x08004258       0x38 out/sx126x.o
                0x08004258                SX126xSetWhiteningSeed
 .text.SX126xSetSleep
                0x08004290       0x24 out/sx126x.o
                0x08004290                SX126xSetSleep
 .text.SX126xSetStandby
                0x080042b4       0x2c out/sx126x.o
                0x080042b4                SX126xSetStandby
 .text.SX126xSetTx
                0x080042e0       0x2c out/sx126x.o
                0x080042e0                SX126xSetTx
 .text.SX126xSendPayload
                0x0800430c       0x12 out/sx126x.o
                0x0800430c                SX126xSendPayload
 *fill*         0x0800431e        0x2 
 .text.SX126xSetRx
                0x08004320       0x2c out/sx126x.o
                0x08004320                SX126xSetRx
 .text.SX126xSetRxBoosted
                0x0800434c       0x38 out/sx126x.o
                0x0800434c                SX126xSetRxBoosted
 .text.SX126xSetRxDutyCycle
                0x08004384       0x38 out/sx126x.o
                0x08004384                SX126xSetRxDutyCycle
 .text.SX126xSetCad
                0x080043bc       0x18 out/sx126x.o
                0x080043bc                SX126xSetCad
 .text.SX126xSetTxContinuousWave
                0x080043d4        0xa out/sx126x.o
                0x080043d4                SX126xSetTxContinuousWave
 .text.SX126xSetStopRxTimerOnPreambleDetect
                0x080043de       0x18 out/sx126x.o
                0x080043de                SX126xSetStopRxTimerOnPreambleDetect
 .text.SX126xSetLoRaSymbNumTimeout
                0x080043f6       0x18 out/sx126x.o
                0x080043f6                SX126xSetLoRaSymbNumTimeout
 .text.SX126xSetRegulatorMode
                0x0800440e       0x18 out/sx126x.o
                0x0800440e                SX126xSetRegulatorMode
 *fill*         0x08004426        0x2 
 .text.SX126xCalibrateImage
                0x08004428       0x64 out/sx126x.o
                0x08004428                SX126xCalibrateImage
 .text.SX126xSetPaConfig
                0x0800448c       0x24 out/sx126x.o
                0x0800448c                SX126xSetPaConfig
 .text.SX126xSetDioIrqParams
                0x080044b0       0x2a out/sx126x.o
                0x080044b0                SX126xSetDioIrqParams
 .text.SX126xGetIrqStatus
                0x080044da       0x1a out/sx126x.o
                0x080044da                SX126xGetIrqStatus
 .text.SX126xSetDio2AsRfSwitchCtrl
                0x080044f4       0x18 out/sx126x.o
                0x080044f4                SX126xSetDio2AsRfSwitchCtrl
 .text.SX126xInit
                0x0800450c       0x28 out/sx126x.o
                0x0800450c                SX126xInit
 *fill*         0x08004534        0x4 
 .text.SX126xSetRfFrequency
                0x08004538       0x4c out/sx126x.o
                0x08004538                SX126xSetRfFrequency
 .text.SX126xSetPacketType
                0x08004584       0x20 out/sx126x.o
                0x08004584                SX126xSetPacketType
 .text.SX126xGetPacketType
                0x080045a4        0xc out/sx126x.o
                0x080045a4                SX126xGetPacketType
 .text.SX126xSetTxParams
                0x080045b0       0xbc out/sx126x.o
                0x080045b0                SX126xSetTxParams
 *fill*         0x0800466c        0x4 
 .text.SX126xSetModulationParams
                0x08004670       0xb0 out/sx126x.o
                0x08004670                SX126xSetModulationParams
 .text.SX126xSetPacketParams
                0x08004720       0xa4 out/sx126x.o
                0x08004720                SX126xSetPacketParams
 .text.SX126xSetCadParams
                0x080047c4       0x3c out/sx126x.o
                0x080047c4                SX126xSetCadParams
 .text.SX126xSetBufferBaseAddress
                0x08004800       0x1a out/sx126x.o
                0x08004800                SX126xSetBufferBaseAddress
 .text.SX126xGetRssiInst
                0x0800481a       0x1a out/sx126x.o
                0x0800481a                SX126xGetRssiInst
 .text.SX126xGetRxBufferStatus
                0x08004834       0x48 out/sx126x.o
                0x08004834                SX126xGetRxBufferStatus
 .text.SX126xGetPayload
                0x0800487c       0x2c out/sx126x.o
                0x0800487c                SX126xGetPayload
 .text.SX126xGetPacketStatus
                0x080048a8       0x80 out/sx126x.o
                0x080048a8                SX126xGetPacketStatus
 .text.SX126xClearIrqStatus
                0x08004928       0x18 out/sx126x.o
                0x08004928                SX126xClearIrqStatus
 .text.RtcInit  0x08004940       0x30 out/rtc-board.o
                0x08004940                RtcInit
 .text.RtcSetTimeout
                0x08004970       0x8c out/rtc-board.o
                0x08004970                RtcSetTimeout
 .text.RtcStopTimeout
                0x080049fc       0x14 out/rtc-board.o
                0x080049fc                RtcStopTimeout
 .text.RtcGetTimerContext
                0x08004a10        0xc out/rtc-board.o
                0x08004a10                RtcGetTimerContext
 .text.RtcGetTimerValue
                0x08004a1c      0x118 out/rtc-board.o
                0x08004a1c                RtcGetTimerValue
 .text.RtcSetTimerContext
                0x08004b34       0x18 out/rtc-board.o
                0x08004b34                RtcSetTimerContext
 .text.RtcGetElapsedTime
                0x08004b4c       0x18 out/rtc-board.o
                0x08004b4c                RtcGetElapsedTime
 .text.RtcOnIrq
                0x08004b64       0x32 out/rtc-board.o
                0x08004b64                RtcOnIrq
 .text.BoardDisableIrq
                0x08004b96        0x4 out/sx1262-board.o
                0x08004b96                BoardDisableIrq
 .text.BoardEnableIrq
                0x08004b9a        0x4 out/sx1262-board.o
                0x08004b9a                BoardEnableIrq
 *fill*         0x08004b9e        0x2 
 .text.SpiInOut
                0x08004ba0       0x18 out/sx1262-board.o
                0x08004ba0                SpiInOut
 .text.SX126xLoracInit
                0x08004bb8       0x5c out/sx1262-board.o
                0x08004bb8                SX126xLoracInit
 .text.SX126xGetBoardTcxoWakeupTime
                0x08004c14        0x4 out/sx1262-board.o
                0x08004c14                SX126xGetBoardTcxoWakeupTime
 .text.SX126xReset
                0x08004c18       0x54 out/sx1262-board.o
                0x08004c18                SX126xReset
 .text.SX126xWaitOnBusy
                0x08004c6c       0x18 out/sx1262-board.o
                0x08004c6c                SX126xWaitOnBusy
 .text.SX126xWakeup
                0x08004c84       0x30 out/sx1262-board.o
                0x08004c84                SX126xWakeup
 .text.SX126xWriteCommand
                0x08004cb4       0x44 out/sx1262-board.o
                0x08004cb4                SX126xWriteCommand
 .text.SX126xReadCommand
                0x08004cf8       0x44 out/sx1262-board.o
                0x08004cf8                SX126xReadCommand
 .text.SX126xWriteRegisters
                0x08004d3c       0x48 out/sx1262-board.o
                0x08004d3c                SX126xWriteRegisters
 .text.SX126xWriteRegister
                0x08004d84       0x16 out/sx1262-board.o
                0x08004d84                SX126xWriteRegister
 *fill*         0x08004d9a        0x2 
 .text.SX126xReadRegisters
                0x08004d9c       0x50 out/sx1262-board.o
                0x08004d9c                SX126xReadRegisters
 .text.SX126xReadRegister
                0x08004dec       0x16 out/sx1262-board.o
                0x08004dec                SX126xReadRegister
 *fill*         0x08004e02        0x2 
 .text.SX126xWriteBuffer
                0x08004e04       0x44 out/sx1262-board.o
                0x08004e04                SX126xWriteBuffer
 .text.SX126xReadBuffer
                0x08004e48       0x4c out/sx1262-board.o
                0x08004e48                SX126xReadBuffer
 .text.SX126xSetRfTxPower
                0x08004e94        0x6 out/sx1262-board.o
                0x08004e94                SX126xSetRfTxPower
 .text.SX126xGetPaSelect
                0x08004e9a        0x4 out/sx1262-board.o
                0x08004e9a                SX126xGetPaSelect
 *fill*         0x08004e9e        0x2 
 .text.SX126xAntSwOn
                0x08004ea0       0x10 out/sx1262-board.o
                0x08004ea0                SX126xAntSwOn
 .text.SX126xAntSwOff
                0x08004eb0       0x10 out/sx1262-board.o
                0x08004eb0                SX126xAntSwOff
 .text.rand1    0x08004ec0       0x28 out/utilities.o
                0x08004ec0                rand1
 .text.Reset_Handler
                0x08004ee8       0x48 out/startup_cm4.o
                0x08004ee8                Reset_Handler
 .text.Default_Handler
                0x08004f30        0x2 out/startup_cm4.o
                0x08004f30                GPIO_IRQHandler
                0x08004f30                SCC_IRQHandler
                0x08004f30                TIMER2_IRQHandler
                0x08004f30                EFC_IRQHandler
                0x08004f30                I2C0_IRQHandler
                0x08004f30                SAC_IRQHandler
                0x08004f30                I2C1_IRQHandler
                0x08004f30                UART1_IRQHandler
                0x08004f30                BSTIMER0_IRQHandler
                0x08004f30                TIMER3_IRQHandler
                0x08004f30                UART0_IRQHandler
                0x08004f30                SEC_IRQHandler
                0x08004f30                WDG_IRQHandler
                0x08004f30                LPTIMER1_IRQHandler
                0x08004f30                LPTIMER0_IRQHandler
                0x08004f30                SSP0_IRQHandler
                0x08004f30                I2S_IRQHandler
                0x08004f30                I2C2_IRQHandler
                0x08004f30                TIMER0_IRQHandler
                0x08004f30                LCD_IRQHandler
                0x08004f30                LPUART_IRQHandler
                0x08004f30                TIMER1_IRQHandler
                0x08004f30                UART2_IRQHandler
                0x08004f30                Default_Handler
                0x08004f30                ADC_IRQHandler
                0x08004f30                SSP1_IRQHandler
                0x08004f30                DMA0_IRQHandler
                0x08004f30                IWDG_IRQHandler
                0x08004f30                SSP2_IRQHandler
                0x08004f30                BSTIMER1_IRQHandler
                0x08004f30                DAC_IRQHandler
                0x08004f30                AFEC_IRQHandler
                0x08004f30                UART3_IRQHandler
                0x08004f30                QSPI_IRQHandler
                0x08004f30                DMA1_IRQHandler
 *fill*         0x08004f32        0x2 
 .text.startup  0x08004f34       0x14 /usr/lib/gcc/arm-none-eabi/13.2.1/../../../arm-none-eabi/lib/thumb/v7e-m/nofp/libc.a(libc_a-__call_atexit.o)
 *(.glue_7)
 .glue_7        0x08004f48        0x0 linker stubs
 *(.glue_7t)
 .glue_7t       0x08004f48        0x0 linker stubs
 *(.eh_frame)
 .eh_frame      0x08004f48        0x0 /usr/lib/gcc/arm-none-eabi/13.2.1/thumb/v7e-m/nofp/crtbegin.o
 *(.init)
 .init          0x08004f48        0x4 /usr/lib/gcc/arm-none-eabi/13.2.1/thumb/v7e-m/nofp/crti.o
                0x08004f48                _init
 .init          0x08004f4c        0x8 /usr/lib/gcc/arm-none-eabi/13.2.1/thumb/v7e-m/nofp/crtn.o
 *(.fini)
 .fini          0x08004f54        0x4 /usr/lib/gcc/arm-none-eabi/13.2.1/thumb/v7e-m/nofp/crti.o
                0x08004f54                _fini
 .fini          0x08004f58        0x8 /usr/lib/gcc/arm-none-eabi/13.2.1/thumb/v7e-m/nofp/crtn.o
                0x08004f60                        . = ALIGN (0x4)
                0x08004f60                        _etext = .

.vfp11_veneer   0x08004f60        0x0
 .vfp11_veneer  0x08004f60        0x0 linker stubs

.v4_bx          0x08004f60        0x0
 .v4_bx         0x08004f60        0x0 linker stubs

.iplt           0x08004f60        0x0
 .iplt          0x08004f60        0x0 /usr/lib/gcc/arm-none-eabi/13.2.1/thumb/v7e-m/nofp/crtbegin.o

.rodata         0x08004f60      0x29c
                0x08004f60                        . = ALIGN (0x4)
 *(.rodata)
 .rodata        0x08004f60        0xa out/pingpong.o
                0x08004f60                PongMsg
                0x08004f65                PingMsg
 *fill*         0x08004f6a        0x6 
 .rodata        0x08004f70       0x50 out/printf-stdarg.o
 .rodata        0x08004fc0        0xc out/tremo_uart.o
 *fill*         0x08004fcc        0x4 
 .rodata        0x08004fd0      0x188 out/radio.o
                0x08004fd0                FskBandwidths
                0x080050e0                Bandwidths
                0x080050ec                Radio
 .rodata        0x08005158       0x18 out/rtc-board.o
 .rodata        0x08005170       0x10 /usr/lib/gcc/arm-none-eabi/13.2.1/../../../arm-none-eabi/lib/thumb/v7e-m/nofp/libm.a(libm_a-s_rint.o)
 *(.rodata*)
 .rodata.str1.1
                0x08005180       0x7a out/pingpong.o
                                 0x61 (size before relaxing)
 .rodata.str1.1
                0x080051fa       0x19 out/printf-stdarg.o
                0x08005214                        . = ALIGN (0x4)
 *fill*         0x080051fa        0x2 

.ARM.extab
 *(.ARM.extab* .gnu.linkonce.armextab.*)

.ARM            0x080051fc        0x8
                0x080051fc                        __exidx_start = .
 *(.ARM.exidx*)
 .ARM.exidx     0x080051fc        0x8 /usr/lib/gcc/arm-none-eabi/13.2.1/thumb/v7e-m/nofp/libgcc.a(_udivmoddi4.o)
 .ARM.exidx     0x08005204        0x0 /usr/lib/gcc/arm-none-eabi/13.2.1/../../../arm-none-eabi/lib/thumb/v7e-m/nofp/libc.a(libc_a-memcpy.o)
                                  0x8 (size before relaxing)
                0x08005204                        __exidx_end = .

.rel.dyn        0x08005204        0x0
 .rel.iplt      0x08005204        0x0 /usr/lib/gcc/arm-none-eabi/13.2.1/thumb/v7e-m/nofp/crtbegin.o

.preinit_array  0x08005204        0x0
                0x08005204                        PROVIDE (__preinit_array_start = .)
 *(.preinit_array*)
                0x08005204                        PROVIDE (__preinit_array_end = .)

.init_array     0x08005204        0x8
                0x08005204                        PROVIDE (__init_array_start = .)
 *(SORT_BY_NAME(.init_array.*))
 .init_array.00000
                0x08005204        0x4 /usr/lib/gcc/arm-none-eabi/13.2.1/../../../arm-none-eabi/lib/thumb/v7e-m/nofp/libc.a(libc_a-__call_atexit.o)
 *(.init_array*)
 .init_array    0x08005208        0x4 /usr/lib/gcc/arm-none-eabi/13.2.1/thumb/v7e-m/nofp/crtbegin.o
                0x0800520c                        PROVIDE (__init_array_end = .)

.fini_array     0x0800520c        0x4
                0x0800520c                        PROVIDE (__fini_array_start = .)
 *(SORT_BY_NAME(.fini_array.*))
 *(.fini_array*)
 .fini_array    0x0800520c        0x4 /usr/lib/gcc/arm-none-eabi/13.2.1/thumb/v7e-m/nofp/crtbegin.o
                0x08005210                        PROVIDE (__fini_array_end = .)
                0x08005210                        _sidata = LOADADDR (.data)

.data           0x20000000      0x130 load address 0x08005210
                0x20000000                        . = ALIGN (0x4)
                0x20000000                        _sdata = .
 *(.data)
 .data          0x20000000        0x2 out/pingpong.o
                0x20000000                BufferSize
 .data          0x20000002        0x1 out/radio.o
                0x20000002                MaxPayloadLength
 *fill*         0x20000003        0x1 
 .data          0x20000004        0x4 out/utilities.o
 .data          0x20000008      0x128 /usr/lib/gcc/arm-none-eabi/13.2.1/../../../arm-none-eabi/lib/thumb/v7e-m/nofp/libc.a(libc_a-impure.o)
                0x20000008                _impure_ptr
                0x20000010                _impure_data
 *(.data*)
                0x20000130                        . = ALIGN (0x4)
                0x20000130                        _edata = .

.tm_clone_table
                0x20000130        0x0 load address 0x08005340
 .tm_clone_table
                0x20000130        0x0 /usr/lib/gcc/arm-none-eabi/13.2.1/thumb/v7e-m/nofp/crtbegin.o
 .tm_clone_table
                0x20000130        0x0 /usr/lib/gcc/arm-none-eabi/13.2.1/thumb/v7e-m/nofp/crtend.o

.igot.plt       0x20000130        0x0 load address 0x08005340
 .igot.plt      0x20000130        0x0 /usr/lib/gcc/arm-none-eabi/13.2.1/thumb/v7e-m/nofp/crtbegin.o
                0x20000130                        . = ALIGN (0x4)

.bss            0x20000130      0x508 load address 0x08005340
                0x20000130                        _sbss = .
                0x20000130                        __bss_start__ = _sbss
 *(.bss)
 .bss           0x20000130       0x1c /usr/lib/gcc/arm-none-eabi/13.2.1/thumb/v7e-m/nofp/crtbegin.o
 .bss           0x2000014c       0x2c out/pingpong.o
                0x2000014c                State
                0x2000014d                Buffer
                0x20000152                RssiValue
                0x20000153                SnrValue
                0x20000154                ChipId
 .bss           0x20000178        0x1 out/tremo_delay.o
 *fill*         0x20000179        0x7 
 .bss           0x20000180       0x11 out/timer.o
                0x20000190                HasLoopedThroughMain
 *fill*         0x20000191        0x3 
 .bss           0x20000194      0x1a6 out/radio.o
                0x20000198                TxTimeoutTimer
                0x200001ac                RxTimeoutTimer
                0x200001c0                CadTimeoutTimer
                0x200001d4                IrqFired
                0x200001d8                SX126x
                0x20000214                TxTimeout
                0x20000218                RxContinuous
                0x2000021c                RxTimeout
                0x20000220                irqRegs
                0x20000222                RadioRxPayload
                0x20000324                RadioPktStatus
 *fill*         0x2000033a        0x2 
 .bss           0x2000033c        0x8 out/sx126x.o
                0x20000340                FrequencyError
 *fill*         0x20000344        0x4 
 .bss           0x20000348       0x1d out/rtc-board.o
                0x2000034c                RtcCalendarContext
                0x20000358                RtcTimerContext
                0x20000360                McuWakeUpTime
                0x20000364                NonScheduledWakeUp
 .bss           0x20000365        0x1 out/sx1262-board.o
                0x20000365                gPaOptSetting
 *fill*         0x20000366        0x2 
 .bss           0x20000368      0x13c /usr/lib/gcc/arm-none-eabi/13.2.1/../../../arm-none-eabi/lib/thumb/v7e-m/nofp/libc.a(libc_a-findfp.o)
                0x20000368                __sf
                0x200004a0                __stdio_exit_handler
 .bss           0x200004a4        0x4 /usr/lib/gcc/arm-none-eabi/13.2.1/../../../arm-none-eabi/lib/thumb/v7e-m/nofp/libc.a(libc_a-__call_atexit.o)
                0x200004a4                __atexit
 .bss           0x200004a8      0x190 /usr/lib/gcc/arm-none-eabi/13.2.1/../../../arm-none-eabi/lib/thumb/v7e-m/nofp/libc.a(libc_a-__atexit.o)
                0x200004a8                __atexit0
 *(.bss*)
 *(COMMON)
                0x20000638                        . = ALIGN (0x4)
                0x20000638                        _ebss = .
                0x20000638                        __bss_end__ = _ebss

.heap           0x20000638        0x0 load address 0x08005340
                0x20000638                        . = ALIGN (0x4)
                0x20000638                        _heap_bottom = .
                0x20000638                        end = _heap_bottom
                0x20000638                        _end = end
                0x20000638                        __end = end
                0x20000638                        . = (. + _HEAP_SIZE)
                0x20000638                        _heap_top = .

.stack          0x20000638     0x1000 load address 0x08005340
                0x20000638                        . = ALIGN (0x4)
                0x20000638                        _stack_bottom = .
                0x20001638                        . = (. + _STACK_SIZE)
 *fill*         0x20000638     0x1000 
                0x20001638                        _stack_top = .

/DISCARD/
 libc.a(*)
 libm.a(*)
 libgcc.a(*)

.ARM.attributes
                0x00000000       0x2e
 *(.ARM.attributes)
 .ARM.attributes
                0x00000000       0x1e /usr/lib/gcc/arm-none-eabi/13.2.1/thumb/v7e-m/nofp/crti.o
 .ARM.attributes
                0x0000001e       0x2e /usr/lib/gcc/arm-none-eabi/13.2.1/thumb/v7e-m/nofp/crtbegin.o
 .ARM.attributes
                0x0000004c       0x32 out/main.o
 .ARM.attributes
                0x0000007e       0x32 out/pingpong.o
 .ARM.attributes
                0x000000b0       0x32 out/tremo_it.o
 .ARM.attributes
                0x000000e2       0x32 out/printf-stdarg.o
 .ARM.attributes
                0x00000114       0x32 out/system_cm4.o
 .ARM.attributes
                0x00000146       0x32 out/tremo_delay.o
 .ARM.attributes
                0x00000178       0x32 out/tremo_gpio.o
 .ARM.attributes
                0x000001aa       0x32 out/tremo_pwr.o
 .ARM.attributes
                0x000001dc       0x32 out/tremo_rcc.o
 .ARM.attributes
                0x0000020e       0x32 out/tremo_rtc.o
 .ARM.attributes
                0x00000240       0x32 out/tremo_system.o
 .ARM.attributes
                0x00000272       0x32 out/tremo_uart.o
 .ARM.attributes
                0x000002a4       0x32 out/delay.o
 .ARM.attributes
                0x000002d6       0x32 out/timer.o
 .ARM.attributes
                0x00000308       0x32 out/radio.o
 .ARM.attributes
                0x0000033a       0x32 out/sx126x.o
 .ARM.attributes
                0x0000036c       0x32 out/rtc-board.o
 .ARM.attributes
                0x0000039e       0x32 out/sx1262-board.o
 .ARM.attributes
                0x000003d0       0x32 out/utilities.o
 .ARM.attributes
                0x00000402       0x21 out/startup_cm4.o
 .ARM.attributes
                0x00000423       0x1e /usr/lib/gcc/arm-none-eabi/13.2.1/thumb/v7e-m/nofp/libgcc.a(_arm_addsubdf3.o)
 .ARM.attributes
                0x00000441       0x1e /usr/lib/gcc/arm-none-eabi/13.2.1/thumb/v7e-m/nofp/libgcc.a(_arm_muldivdf3.o)
 .ARM.attributes
                0x0000045f       0x1e /usr/lib/gcc/arm-none-eabi/13.2.1/thumb/v7e-m/nofp/libgcc.a(_arm_cmpdf2.o)
 .ARM.attributes
                0x0000047d       0x1e /usr/lib/gcc/arm-none-eabi/13.2.1/thumb/v7e-m/nofp/libgcc.a(_arm_fixdfsi.o)
 .ARM.attributes
                0x0000049b       0x1e /usr/lib/gcc/arm-none-eabi/13.2.1/thumb/v7e-m/nofp/libgcc.a(_arm_fixunsdfsi.o)
 .ARM.attributes
                0x000004b9       0x1e /usr/lib/gcc/arm-none-eabi/13.2.1/thumb/v7e-m/nofp/libgcc.a(_aeabi_uldivmod.o)
 .ARM.attributes
                0x000004d7       0x2e /usr/lib/gcc/arm-none-eabi/13.2.1/thumb/v7e-m/nofp/libgcc.a(_fixunsdfdi.o)
 .ARM.attributes
                0x00000505       0x2e /usr/lib/gcc/arm-none-eabi/13.2.1/thumb/v7e-m/nofp/libgcc.a(_udivmoddi4.o)
 .ARM.attributes
                0x00000533       0x1e /usr/lib/gcc/arm-none-eabi/13.2.1/thumb/v7e-m/nofp/libgcc.a(_dvmd_tls.o)
 .ARM.attributes
                0x00000551       0x2e /usr/lib/gcc/arm-none-eabi/13.2.1/../../../arm-none-eabi/lib/thumb/v7e-m/nofp/libc.a(libc_a-rand.o)
 .ARM.attributes
                0x0000057f       0x2e /usr/lib/gcc/arm-none-eabi/13.2.1/../../../arm-none-eabi/lib/thumb/v7e-m/nofp/libc.a(libc_a-memset.o)
 .ARM.attributes
                0x000005ad       0x2e /usr/lib/gcc/arm-none-eabi/13.2.1/../../../arm-none-eabi/lib/thumb/v7e-m/nofp/libc.a(libc_a-strncmp.o)
 .ARM.attributes
                0x000005db       0x2e /usr/lib/gcc/arm-none-eabi/13.2.1/../../../arm-none-eabi/lib/thumb/v7e-m/nofp/libc.a(libc_a-impure.o)
 .ARM.attributes
                0x00000609       0x1c /usr/lib/gcc/arm-none-eabi/13.2.1/../../../arm-none-eabi/lib/thumb/v7e-m/nofp/libc.a(libc_a-memcpy.o)
 .ARM.attributes
                0x00000625       0x2e /usr/lib/gcc/arm-none-eabi/13.2.1/../../../arm-none-eabi/lib/thumb/v7e-m/nofp/libc.a(libc_a-init.o)
 .ARM.attributes
                0x00000653       0x2e /usr/lib/gcc/arm-none-eabi/13.2.1/../../../arm-none-eabi/lib/thumb/v7e-m/nofp/libc.a(libc_a-findfp.o)
 .ARM.attributes
                0x00000681       0x2e /usr/lib/gcc/arm-none-eabi/13.2.1/../../../arm-none-eabi/lib/thumb/v7e-m/nofp/libc.a(libc_a-atexit.o)
 .ARM.attributes
                0x000006af       0x2e /usr/lib/gcc/arm-none-eabi/13.2.1/../../../arm-none-eabi/lib/thumb/v7e-m/nofp/libc.a(libc_a-fini.o)
 .ARM.attributes
                0x000006dd       0x2e /usr/lib/gcc/arm-none-eabi/13.2.1/../../../arm-none-eabi/lib/thumb/v7e-m/nofp/libc.a(libc_a-__call_atexit.o)
 .ARM.attributes
                0x0000070b       0x2e /usr/lib/gcc/arm-none-eabi/13.2.1/../../../arm-none-eabi/lib/thumb/v7e-m/nofp/libc.a(libc_a-__atexit.o)
 .ARM.attributes
                0x00000739       0x2e /usr/lib/gcc/arm-none-eabi/13.2.1/thumb/v7e-m/nofp/crtend.o
 .ARM.attributes
                0x00000767       0x1e /usr/lib/gcc/arm-none-eabi/13.2.1/thumb/v7e-m/nofp/crtn.o
OUTPUT(out/pingpong.elf elf32-littlearm)
LOAD linker stubs
LOAD /usr/lib/gcc/arm-none-eabi/13.2.1/../../../arm-none-eabi/lib/thumb/v7e-m/nofp/libc.a
LOAD /usr/lib/gcc/arm-none-eabi/13.2.1/../../../arm-none-eabi/lib/thumb/v7e-m/nofp/libm.a
LOAD /usr/lib/gcc/arm-none-eabi/13.2.1/thumb/v7e-m/nofp/libgcc.a

.comment        0x00000000       0x26
 .comment       0x00000000       0x26 /usr/lib/gcc/arm-none-eabi/13.2.1/thumb/v7e-m/nofp/crtbegin.o
                                 0x27 (size before relaxing)
 .comment       0x00000026       0x27 out/main.o
 .comment       0x00000026       0x27 out/pingpong.o
 .comment       0x00000026       0x27 out/tremo_it.o
 .comment       0x00000026       0x27 out/printf-stdarg.o
 .comment       0x00000026       0x27 out/system_cm4.o
 .comment       0x00000026       0x27 out/tremo_delay.o
 .comment       0x00000026       0x27 out/tremo_gpio.o
 .comment       0x00000026       0x27 out/tremo_pwr.o
 .comment       0x00000026       0x27 out/tremo_rcc.o
 .comment       0x00000026       0x27 out/tremo_rtc.o
 .comment       0x00000026       0x27 out/tremo_system.o
 .comment       0x00000026       0x27 out/tremo_uart.o
 .comment       0x00000026       0x27 out/delay.o
 .comment       0x00000026       0x27 out/timer.o
 .comment       0x00000026       0x27 out/radio.o
 .comment       0x00000026       0x27 out/sx126x.o
 .comment       0x00000026       0x27 out/rtc-board.o
 .comment       0x00000026       0x27 out/sx1262-board.o
 .comment       0x00000026       0x27 out/utilities.o
 .comment       0x00000026       0x27 /usr/lib/gcc/arm-none-eabi/13.2.1/thumb/v7e-m/nofp/libgcc.a(_fixunsdfdi.o)
 .comment       0x00000026       0x27 /usr/lib/gcc/arm-none-eabi/13.2.1/thumb/v7e-m/nofp/libgcc.a(_udivmoddi4.o)
 .comment       0x00000026       0x27 /usr/lib/gcc/arm-none-eabi/13.2.1/../../../arm-none-eabi/lib/thumb/v7e-m/nofp/libc.a(libc_a-rand.o)
 .comment       0x00000026       0x27 /usr/lib/gcc/arm-none-eabi/13.2.1/../../../arm-none-eabi/lib/thumb/v7e-m/nofp/libc.a(libc_a-memset.o)
 .comment       0x00000026       0x27 /usr/lib/gcc/arm-none-eabi/13.2.1/../../../arm-none-eabi/lib/thumb/v7e-m/nofp/libc.a(libc_a-strncmp.o)
 .comment       0x00000026       0x27 /usr/lib/gcc/arm-none-eabi/13.2.1/../../../arm-none-eabi/lib/thumb/v7e-m/nofp/libc.a(libc_a-impure.o)
 .comment       0x00000026       0x27 /usr/lib/gcc/arm-none-eabi/13.2.1/../../../arm-none-eabi/lib/thumb/v7e-m/nofp/libc.a(libc_a-init.o)
 .comment       0x00000026       0x27 /usr/lib/gcc/arm-none-eabi/13.2.1/../../../arm-none-eabi/lib/thumb/v7e-m/nofp/libc.a(libc_a-findfp.o)
 .comment       0x00000026       0x27 /usr/lib/gcc/arm-none-eabi/13.2.1/../../../arm-none-eabi/lib/thumb/v7e-m/nofp/libc.a(libc_a-atexit.o)
 .comment       0x00000026       0x27 /usr/lib/gcc/arm-none-eabi/13.2.1/../../../arm-none-eabi/lib/thumb/v7e-m/nofp/libc.a(libc_a-fini.o)
 .comment       0x00000026       0x27 /usr/lib/gcc/arm-none-eabi/13.2.1/../../../arm-none-eabi/lib/thumb/v7e-m/nofp/libc.a(libc_a-__call_atexit.o)
 .comment       0x00000026       0x27 /usr/lib/gcc/arm-none-eabi/13.2.1/../../../arm-none-eabi/lib/thumb/v7e-m/nofp/libc.a(libc_a-__atexit.o)
 .comment       0x00000026       0x27 /usr/lib/gcc/arm-none-eabi/13.2.1/thumb/v7e-m/nofp/crtend.o

.debug_line     0x00000000     0x1d5a
 .debug_line    0x00000000      0x16f /usr/lib/gcc/arm-none-eabi/13.2.1/thumb/v7e-m/nofp/libgcc.a(_arm_addsubdf3.o)
 .debug_line    0x0000016f      0x184 /usr/lib/gcc/arm-none-eabi/13.2.1/thumb/v7e-m/nofp/libgcc.a(_arm_muldivdf3.o)
 .debug_line    0x000002f3       0xa6 /usr/lib/gcc/arm-none-eabi/13.2.1/thumb/v7e-m/nofp/libgcc.a(_arm_cmpdf2.o)
 .debug_line    0x00000399       0x62 /usr/lib/gcc/arm-none-eabi/13.2.1/thumb/v7e-m/nofp/libgcc.a(_arm_fixdfsi.o)
 .debug_line    0x000003fb       0x5e /usr/lib/gcc/arm-none-eabi/13.2.1/thumb/v7e-m/nofp/libgcc.a(_arm_fixunsdfsi.o)
 .debug_line    0x00000459       0x4e /usr/lib/gcc/arm-none-eabi/13.2.1/thumb/v7e-m/nofp/libgcc.a(_aeabi_uldivmod.o)
 .debug_line    0x000004a7       0xad /usr/lib/gcc/arm-none-eabi/13.2.1/thumb/v7e-m/nofp/libgcc.a(_fixunsdfdi.o)
 .debug_line    0x00000554      0x574 /usr/lib/gcc/arm-none-eabi/13.2.1/thumb/v7e-m/nofp/libgcc.a(_udivmoddi4.o)
 .debug_line    0x00000ac8       0x4a /usr/lib/gcc/arm-none-eabi/13.2.1/thumb/v7e-m/nofp/libgcc.a(_dvmd_tls.o)
 .debug_line    0x00000b12      0x17f /usr/lib/gcc/arm-none-eabi/13.2.1/../../../arm-none-eabi/lib/thumb/v7e-m/nofp/libc.a(libc_a-rand.o)
 .debug_line    0x00000c91      0x1b6 /usr/lib/gcc/arm-none-eabi/13.2.1/../../../arm-none-eabi/lib/thumb/v7e-m/nofp/libc.a(libc_a-memset.o)
 .debug_line    0x00000e47      0x1f6 /usr/lib/gcc/arm-none-eabi/13.2.1/../../../arm-none-eabi/lib/thumb/v7e-m/nofp/libc.a(libc_a-strncmp.o)
 .debug_line    0x0000103d       0xe7 /usr/lib/gcc/arm-none-eabi/13.2.1/../../../arm-none-eabi/lib/thumb/v7e-m/nofp/libc.a(libc_a-impure.o)
 .debug_line    0x00001124       0xb9 /usr/lib/gcc/arm-none-eabi/13.2.1/../../../arm-none-eabi/lib/thumb/v7e-m/nofp/libc.a(libc_a-memcpy.o)
 .debug_line    0x000011dd      0x11e /usr/lib/gcc/arm-none-eabi/13.2.1/../../../arm-none-eabi/lib/thumb/v7e-m/nofp/libc.a(libc_a-init.o)
 .debug_line    0x000012fb      0x4fc /usr/lib/gcc/arm-none-eabi/13.2.1/../../../arm-none-eabi/lib/thumb/v7e-m/nofp/libc.a(libc_a-findfp.o)
 .debug_line    0x000017f7       0xc3 /usr/lib/gcc/arm-none-eabi/13.2.1/../../../arm-none-eabi/lib/thumb/v7e-m/nofp/libc.a(libc_a-atexit.o)
 .debug_line    0x000018ba       0xd2 /usr/lib/gcc/arm-none-eabi/13.2.1/../../../arm-none-eabi/lib/thumb/v7e-m/nofp/libc.a(libc_a-fini.o)
 .debug_line    0x0000198c      0x27f /usr/lib/gcc/arm-none-eabi/13.2.1/../../../arm-none-eabi/lib/thumb/v7e-m/nofp/libc.a(libc_a-__call_atexit.o)
 .debug_line    0x00001c0b      0x14f /usr/lib/gcc/arm-none-eabi/13.2.1/../../../arm-none-eabi/lib/thumb/v7e-m/nofp/libc.a(libc_a-__atexit.o)

.debug_line_str
                0x00000000      0x13e
 .debug_line_str
                0x00000000      0x13e /usr/lib/gcc/arm-none-eabi/13.2.1/thumb/v7e-m/nofp/libgcc.a(_arm_addsubdf3.o)
                                 0x99 (size before relaxing)
 .debug_line_str
                0x0000013e       0x99 /usr/lib/gcc/arm-none-eabi/13.2.1/thumb/v7e-m/nofp/libgcc.a(_arm_muldivdf3.o)
 .debug_line_str
                0x0000013e       0x99 /usr/lib/gcc/arm-none-eabi/13.2.1/thumb/v7e-m/nofp/libgcc.a(_arm_cmpdf2.o)
 .debug_line_str
                0x0000013e       0x99 /usr/lib/gcc/arm-none-eabi/13.2.1/thumb/v7e-m/nofp/libgcc.a(_arm_fixdfsi.o)
 .debug_line_str
                0x0000013e       0x99 /usr/lib/gcc/arm-none-eabi/13.2.1/thumb/v7e-m/nofp/libgcc.a(_arm_fixunsdfsi.o)
 .debug_line_str
                0x0000013e       0x94 /usr/lib/gcc/arm-none-eabi/13.2.1/thumb/v7e-m/nofp/libgcc.a(_aeabi_uldivmod.o)
 .debug_line_str
                0x0000013e       0x98 /usr/lib/gcc/arm-none-eabi/13.2.1/thumb/v7e-m/nofp/libgcc.a(_dvmd_tls.o)
 .debug_line_str
                0x0000013e       0x91 /usr/lib/gcc/arm-none-eabi/13.2.1/../../../arm-none-eabi/lib/thumb/v7e-m/nofp/libc.a(libc_a-memcpy.o)

.debug_info     0x00000000     0x3480
 .debug_info    0x00000000       0xd3 /usr/lib/gcc/arm-none-eabi/13.2.1/thumb/v7e-m/nofp/libgcc.a(_arm_addsubdf3.o)
 .debug_info    0x000000d3       0x57 /usr/lib/gcc/arm-none-eabi/13.2.1/thumb/v7e-m/nofp/libgcc.a(_arm_muldivdf3.o)
 .debug_info    0x0000012a       0xdf /usr/lib/gcc/arm-none-eabi/13.2.1/thumb/v7e-m/nofp/libgcc.a(_arm_cmpdf2.o)
 .debug_info    0x00000209       0x3c /usr/lib/gcc/arm-none-eabi/13.2.1/thumb/v7e-m/nofp/libgcc.a(_arm_fixdfsi.o)
 .debug_info    0x00000245       0x3c /usr/lib/gcc/arm-none-eabi/13.2.1/thumb/v7e-m/nofp/libgcc.a(_arm_fixunsdfsi.o)
 .debug_info    0x00000281       0x24 /usr/lib/gcc/arm-none-eabi/13.2.1/thumb/v7e-m/nofp/libgcc.a(_aeabi_uldivmod.o)
 .debug_info    0x000002a5      0x374 /usr/lib/gcc/arm-none-eabi/13.2.1/thumb/v7e-m/nofp/libgcc.a(_fixunsdfdi.o)
 .debug_info    0x00000619      0x6f5 /usr/lib/gcc/arm-none-eabi/13.2.1/thumb/v7e-m/nofp/libgcc.a(_udivmoddi4.o)
 .debug_info    0x00000d0e       0x3c /usr/lib/gcc/arm-none-eabi/13.2.1/thumb/v7e-m/nofp/libgcc.a(_dvmd_tls.o)
 .debug_info    0x00000d4a      0x754 /usr/lib/gcc/arm-none-eabi/13.2.1/../../../arm-none-eabi/lib/thumb/v7e-m/nofp/libc.a(libc_a-rand.o)
 .debug_info    0x0000149e      0x135 /usr/lib/gcc/arm-none-eabi/13.2.1/../../../arm-none-eabi/lib/thumb/v7e-m/nofp/libc.a(libc_a-memset.o)
 .debug_info    0x000015d3      0x108 /usr/lib/gcc/arm-none-eabi/13.2.1/../../../arm-none-eabi/lib/thumb/v7e-m/nofp/libc.a(libc_a-strncmp.o)
 .debug_info    0x000016db      0x729 /usr/lib/gcc/arm-none-eabi/13.2.1/../../../arm-none-eabi/lib/thumb/v7e-m/nofp/libc.a(libc_a-impure.o)
 .debug_info    0x00001e04       0x33 /usr/lib/gcc/arm-none-eabi/13.2.1/../../../arm-none-eabi/lib/thumb/v7e-m/nofp/libc.a(libc_a-memcpy.o)
 .debug_info    0x00001e37      0x10b /usr/lib/gcc/arm-none-eabi/13.2.1/../../../arm-none-eabi/lib/thumb/v7e-m/nofp/libc.a(libc_a-init.o)
 .debug_info    0x00001f42      0xea8 /usr/lib/gcc/arm-none-eabi/13.2.1/../../../arm-none-eabi/lib/thumb/v7e-m/nofp/libc.a(libc_a-findfp.o)
 .debug_info    0x00002dea      0x11e /usr/lib/gcc/arm-none-eabi/13.2.1/../../../arm-none-eabi/lib/thumb/v7e-m/nofp/libc.a(libc_a-atexit.o)
 .debug_info    0x00002f08       0xf7 /usr/lib/gcc/arm-none-eabi/13.2.1/../../../arm-none-eabi/lib/thumb/v7e-m/nofp/libc.a(libc_a-fini.o)
 .debug_info    0x00002fff      0x284 /usr/lib/gcc/arm-none-eabi/13.2.1/../../../arm-none-eabi/lib/thumb/v7e-m/nofp/libc.a(libc_a-__call_atexit.o)
 .debug_info    0x00003283      0x1fd /usr/lib/gcc/arm-none-eabi/13.2.1/../../../arm-none-eabi/lib/thumb/v7e-m/nofp/libc.a(libc_a-__atexit.o)

.debug_abbrev   0x00000000     0x1211
 .debug_abbrev  0x00000000       0x28 /usr/lib/gcc/arm-none-eabi/13.2.1/thumb/v7e-m/nofp/libgcc.a(_arm_addsubdf3.o)
 .debug_abbrev  0x00000028       0x28 /usr/lib/gcc/arm-none-eabi/13.2.1/thumb/v7e-m/nofp/libgcc.a(_arm_muldivdf3.o)
 .debug_abbrev  0x00000050       0x28 /usr/lib/gcc/arm-none-eabi/13.2.1/thumb/v7e-m/nofp/libgcc.a(_arm_cmpdf2.o)
 .debug_abbrev  0x00000078       0x28 /usr/lib/gcc/arm-none-eabi/13.2.1/thumb/v7e-m/nofp/libgcc.a(_arm_fixdfsi.o)
 .debug_abbrev  0x000000a0       0x28 /usr/lib/gcc/arm-none-eabi/13.2.1/thumb/v7e-m/nofp/libgcc.a(_arm_fixunsdfsi.o)
 .debug_abbrev  0x000000c8       0x14 /usr/lib/gcc/arm-none-eabi/13.2.1/thumb/v7e-m/nofp/libgcc.a(_aeabi_uldivmod.o)
 .debug_abbrev  0x000000dc      0x103 /usr/lib/gcc/arm-none-eabi/13.2.1/thumb/v7e-m/nofp/libgcc.a(_fixunsdfdi.o)
 .debug_abbrev  0x000001df      0x16a /usr/lib/gcc/arm-none-eabi/13.2.1/thumb/v7e-m/nofp/libgcc.a(_udivmoddi4.o)
 .debug_abbrev  0x00000349       0x26 /usr/lib/gcc/arm-none-eabi/13.2.1/thumb/v7e-m/nofp/libgcc.a(_dvmd_tls.o)
 .debug_abbrev  0x0000036f      0x1dc /usr/lib/gcc/arm-none-eabi/13.2.1/../../../arm-none-eabi/lib/thumb/v7e-m/nofp/libc.a(libc_a-rand.o)
 .debug_abbrev  0x0000054b       0xb7 /usr/lib/gcc/arm-none-eabi/13.2.1/../../../arm-none-eabi/lib/thumb/v7e-m/nofp/libc.a(libc_a-memset.o)
 .debug_abbrev  0x00000602       0x92 /usr/lib/gcc/arm-none-eabi/13.2.1/../../../arm-none-eabi/lib/thumb/v7e-m/nofp/libc.a(libc_a-strncmp.o)
 .debug_abbrev  0x00000694      0x185 /usr/lib/gcc/arm-none-eabi/13.2.1/../../../arm-none-eabi/lib/thumb/v7e-m/nofp/libc.a(libc_a-impure.o)
 .debug_abbrev  0x00000819       0x28 /usr/lib/gcc/arm-none-eabi/13.2.1/../../../arm-none-eabi/lib/thumb/v7e-m/nofp/libc.a(libc_a-memcpy.o)
 .debug_abbrev  0x00000841       0xc9 /usr/lib/gcc/arm-none-eabi/13.2.1/../../../arm-none-eabi/lib/thumb/v7e-m/nofp/libc.a(libc_a-init.o)
 .debug_abbrev  0x0000090a      0x446 /usr/lib/gcc/arm-none-eabi/13.2.1/../../../arm-none-eabi/lib/thumb/v7e-m/nofp/libc.a(libc_a-findfp.o)
 .debug_abbrev  0x00000d50       0xc1 /usr/lib/gcc/arm-none-eabi/13.2.1/../../../arm-none-eabi/lib/thumb/v7e-m/nofp/libc.a(libc_a-atexit.o)
 .debug_abbrev  0x00000e11       0xcc /usr/lib/gcc/arm-none-eabi/13.2.1/../../../arm-none-eabi/lib/thumb/v7e-m/nofp/libc.a(libc_a-fini.o)
 .debug_abbrev  0x00000edd      0x1dd /usr/lib/gcc/arm-none-eabi/13.2.1/../../../arm-none-eabi/lib/thumb/v7e-m/nofp/libc.a(libc_a-__call_atexit.o)
 .debug_abbrev  0x000010ba      0x157 /usr/lib/gcc/arm-none-eabi/13.2.1/../../../arm-none-eabi/lib/thumb/v7e-m/nofp/libc.a(libc_a-__atexit.o)

.debug_aranges  0x00000000      0x280
 .debug_aranges
                0x00000000       0x20 /usr/lib/gcc/arm-none-eabi/13.2.1/thumb/v7e-m/nofp/libgcc.a(_arm_addsubdf3.o)
 .debug_aranges
                0x00000020       0x20 /usr/lib/gcc/arm-none-eabi/13.2.1/thumb/v7e-m/nofp/libgcc.a(_arm_muldivdf3.o)
 .debug_aranges
                0x00000040       0x20 /usr/lib/gcc/arm-none-eabi/13.2.1/thumb/v7e-m/nofp/libgcc.a(_arm_cmpdf2.o)
 .debug_aranges
                0x00000060       0x20 /usr/lib/gcc/arm-none-eabi/13.2.1/thumb/v7e-m/nofp/libgcc.a(_arm_fixdfsi.o)
 .debug_aranges
                0x00000080       0x20 /usr/lib/gcc/arm-none-eabi/13.2.1/thumb/v7e-m/nofp/libgcc.a(_arm_fixunsdfsi.o)
 .debug_aranges
                0x000000a0       0x20 /usr/lib/gcc/arm-none-eabi/13.2.1/thumb/v7e-m/nofp/libgcc.a(_aeabi_uldivmod.o)
 .debug_aranges
                0x000000c0       0x20 /usr/lib/gcc/arm-none-eabi/13.2.1/thumb/v7e-m/nofp/libgcc.a(_fixunsdfdi.o)
 .debug_aranges
                0x000000e0       0x20 /usr/lib/gcc/arm-none-eabi/13.2.1/thumb/v7e-m/nofp/libgcc.a(_udivmoddi4.o)
 .debug_aranges
                0x00000100       0x20 /usr/lib/gcc/arm-none-eabi/13.2.1/thumb/v7e-m/nofp/libgcc.a(_dvmd_tls.o)
 .debug_aranges
                0x00000120       0x20 /usr/lib/gcc/arm-none-eabi/13.2.1/../../../arm-none-eabi/lib/thumb/v7e-m/nofp/libc.a(libc_a-rand.o)
 .debug_aranges
                0x00000140       0x20 /usr/lib/gcc/arm-none-eabi/13.2.1/../../../arm-none-eabi/lib/thumb/v7e-m/nofp/libc.a(libc_a-memset.o)
 .debug_aranges
                0x00000160       0x20 /usr/lib/gcc/arm-none-eabi/13.2.1/../../../arm-none-eabi/lib/thumb/v7e-m/nofp/libc.a(libc_a-strncmp.o)
 .debug_aranges
                0x00000180       0x18 /usr/lib/gcc/arm-none-eabi/13.2.1/../../../arm-none-eabi/lib/thumb/v7e-m/nofp/libc.a(libc_a-impure.o)
 .debug_aranges
                0x00000198       0x20 /usr/lib/gcc/arm-none-eabi/13.2.1/../../../arm-none-eabi/lib/thumb/v7e-m/nofp/libc.a(libc_a-memcpy.o)
 .debug_aranges
                0x000001b8       0x20 /usr/lib/gcc/arm-none-eabi/13.2.1/../../../arm-none-eabi/lib/thumb/v7e-m/nofp/libc.a(libc_a-init.o)
 .debug_aranges
                0x000001d8       0x20 /usr/lib/gcc/arm-none-eabi/13.2.1/../../../arm-none-eabi/lib/thumb/v7e-m/nofp/libc.a(libc_a-findfp.o)
 .debug_aranges
                0x000001f8       0x20 /usr/lib/gcc/arm-none-eabi/13.2.1/../../../arm-none-eabi/lib/thumb/v7e-m/nofp/libc.a(libc_a-atexit.o)
 .debug_aranges
                0x00000218       0x20 /usr/lib/gcc/arm-none-eabi/13.2.1/../../../arm-none-eabi/lib/thumb/v7e-m/nofp/libc.a(libc_a-fini.o)
 .debug_aranges
                0x00000238       0x28 /usr/lib/gcc/arm-none-eabi/13.2.1/../../../arm-none-eabi/lib/thumb/v7e-m/nofp/libc.a(libc_a-__call_atexit.o)
 .debug_aranges
                0x00000260       0x20 /usr/lib/gcc/arm-none-eabi/13.2.1/../../../arm-none-eabi/lib/thumb/v7e-m/nofp/libc.a(libc_a-__atexit.o)

.debug_str      0x00000000     0x12b5
 .debug_str     0x00000000     0x12b5 /usr/lib/gcc/arm-none-eabi/13.2.1/thumb/v7e-m/nofp/libgcc.a(_arm_addsubdf3.o)
                                0x151 (size before relaxing)
 .debug_str     0x000012b5       0xd1 /usr/lib/gcc/arm-none-eabi/13.2.1/thumb/v7e-m/nofp/libgcc.a(_arm_muldivdf3.o)
 .debug_str     0x000012b5      0x15a /usr/lib/gcc/arm-none-eabi/13.2.1/thumb/v7e-m/nofp/libgcc.a(_arm_cmpdf2.o)
 .debug_str     0x000012b5       0xbc /usr/lib/gcc/arm-none-eabi/13.2.1/thumb/v7e-m/nofp/libgcc.a(_arm_fixdfsi.o)
 .debug_str     0x000012b5       0xc0 /usr/lib/gcc/arm-none-eabi/13.2.1/thumb/v7e-m/nofp/libgcc.a(_arm_fixunsdfsi.o)
 .debug_str     0x000012b5       0xa0 /usr/lib/gcc/arm-none-eabi/13.2.1/thumb/v7e-m/nofp/libgcc.a(_aeabi_uldivmod.o)
 .debug_str     0x000012b5      0x667 /usr/lib/gcc/arm-none-eabi/13.2.1/thumb/v7e-m/nofp/libgcc.a(_fixunsdfdi.o)
 .debug_str     0x000012b5      0x67f /usr/lib/gcc/arm-none-eabi/13.2.1/thumb/v7e-m/nofp/libgcc.a(_udivmoddi4.o)
 .debug_str     0x000012b5       0xc0 /usr/lib/gcc/arm-none-eabi/13.2.1/thumb/v7e-m/nofp/libgcc.a(_dvmd_tls.o)
 .debug_str     0x000012b5      0x4a9 /usr/lib/gcc/arm-none-eabi/13.2.1/../../../arm-none-eabi/lib/thumb/v7e-m/nofp/libc.a(libc_a-rand.o)
 .debug_str     0x000012b5      0x1a2 /usr/lib/gcc/arm-none-eabi/13.2.1/../../../arm-none-eabi/lib/thumb/v7e-m/nofp/libc.a(libc_a-memset.o)
 .debug_str     0x000012b5      0x190 /usr/lib/gcc/arm-none-eabi/13.2.1/../../../arm-none-eabi/lib/thumb/v7e-m/nofp/libc.a(libc_a-strncmp.o)
 .debug_str     0x000012b5      0x4a6 /usr/lib/gcc/arm-none-eabi/13.2.1/../../../arm-none-eabi/lib/thumb/v7e-m/nofp/libc.a(libc_a-impure.o)
 .debug_str     0x000012b5       0xa4 /usr/lib/gcc/arm-none-eabi/13.2.1/../../../arm-none-eabi/lib/thumb/v7e-m/nofp/libc.a(libc_a-memcpy.o)
 .debug_str     0x000012b5      0x1ef /usr/lib/gcc/arm-none-eabi/13.2.1/../../../arm-none-eabi/lib/thumb/v7e-m/nofp/libc.a(libc_a-init.o)
 .debug_str     0x000012b5      0x6a9 /usr/lib/gcc/arm-none-eabi/13.2.1/../../../arm-none-eabi/lib/thumb/v7e-m/nofp/libc.a(libc_a-findfp.o)
 .debug_str     0x000012b5      0x1cb /usr/lib/gcc/arm-none-eabi/13.2.1/../../../arm-none-eabi/lib/thumb/v7e-m/nofp/libc.a(libc_a-atexit.o)
 .debug_str     0x000012b5      0x1c5 /usr/lib/gcc/arm-none-eabi/13.2.1/../../../arm-none-eabi/lib/thumb/v7e-m/nofp/libc.a(libc_a-fini.o)
 .debug_str     0x000012b5      0x258 /usr/lib/gcc/arm-none-eabi/13.2.1/../../../arm-none-eabi/lib/thumb/v7e-m/nofp/libc.a(libc_a-__call_atexit.o)
 .debug_str     0x000012b5      0x236 /usr/lib/gcc/arm-none-eabi/13.2.1/../../../arm-none-eabi/lib/thumb/v7e-m/nofp/libc.a(libc_a-__atexit.o)

.debug_frame    0x00000000      0x524
 .debug_frame   0x00000000       0xac /usr/lib/gcc/arm-none-eabi/13.2.1/thumb/v7e-m/nofp/libgcc.a(_arm_addsubdf3.o)
 .debug_frame   0x000000ac       0x50 /usr/lib/gcc/arm-none-eabi/13.2.1/thumb/v7e-m/nofp/libgcc.a(_arm_muldivdf3.o)
 .debug_frame   0x000000fc       0xc4 /usr/lib/gcc/arm-none-eabi/13.2.1/thumb/v7e-m/nofp/libgcc.a(_arm_cmpdf2.o)
 .debug_frame   0x000001c0       0x24 /usr/lib/gcc/arm-none-eabi/13.2.1/thumb/v7e-m/nofp/libgcc.a(_arm_fixdfsi.o)
 .debug_frame   0x000001e4       0x24 /usr/lib/gcc/arm-none-eabi/13.2.1/thumb/v7e-m/nofp/libgcc.a(_arm_fixunsdfsi.o)
 .debug_frame   0x00000208       0x2c /usr/lib/gcc/arm-none-eabi/13.2.1/thumb/v7e-m/nofp/libgcc.a(_aeabi_uldivmod.o)
 .debug_frame   0x00000234       0x2c /usr/lib/gcc/arm-none-eabi/13.2.1/thumb/v7e-m/nofp/libgcc.a(_fixunsdfdi.o)
 .debug_frame   0x00000260       0x34 /usr/lib/gcc/arm-none-eabi/13.2.1/thumb/v7e-m/nofp/libgcc.a(_udivmoddi4.o)
 .debug_frame   0x00000294       0x30 /usr/lib/gcc/arm-none-eabi/13.2.1/../../../arm-none-eabi/lib/thumb/v7e-m/nofp/libc.a(libc_a-rand.o)
 .debug_frame   0x000002c4       0x2c /usr/lib/gcc/arm-none-eabi/13.2.1/../../../arm-none-eabi/lib/thumb/v7e-m/nofp/libc.a(libc_a-memset.o)
 .debug_frame   0x000002f0       0x38 /usr/lib/gcc/arm-none-eabi/13.2.1/../../../arm-none-eabi/lib/thumb/v7e-m/nofp/libc.a(libc_a-strncmp.o)
 .debug_frame   0x00000328       0x2c /usr/lib/gcc/arm-none-eabi/13.2.1/../../../arm-none-eabi/lib/thumb/v7e-m/nofp/libc.a(libc_a-init.o)
 .debug_frame   0x00000354       0xf4 /usr/lib/gcc/arm-none-eabi/13.2.1/../../../arm-none-eabi/lib/thumb/v7e-m/nofp/libc.a(libc_a-findfp.o)
 .debug_frame   0x00000448       0x20 /usr/lib/gcc/arm-none-eabi/13.2.1/../../../arm-none-eabi/lib/thumb/v7e-m/nofp/libc.a(libc_a-atexit.o)
 .debug_frame   0x00000468       0x34 /usr/lib/gcc/arm-none-eabi/13.2.1/../../../arm-none-eabi/lib/thumb/v7e-m/nofp/libc.a(libc_a-fini.o)
 .debug_frame   0x0000049c       0x54 /usr/lib/gcc/arm-none-eabi/13.2.1/../../../arm-none-eabi/lib/thumb/v7e-m/nofp/libc.a(libc_a-__call_atexit.o)
 .debug_frame   0x000004f0       0x34 /usr/lib/gcc/arm-none-eabi/13.2.1/../../../arm-none-eabi/lib/thumb/v7e-m/nofp/libc.a(libc_a-__atexit.o)

.debug_loclists
                0x00000000     0x1207
 .debug_loclists
                0x00000000       0x7a /usr/lib/gcc/arm-none-eabi/13.2.1/thumb/v7e-m/nofp/libgcc.a(_fixunsdfdi.o)
 .debug_loclists
                0x0000007a      0x9e4 /usr/lib/gcc/arm-none-eabi/13.2.1/thumb/v7e-m/nofp/libgcc.a(_udivmoddi4.o)
 .debug_loclists
                0x00000a5e       0x24 /usr/lib/gcc/arm-none-eabi/13.2.1/../../../arm-none-eabi/lib/thumb/v7e-m/nofp/libc.a(libc_a-rand.o)
 .debug_loclists
                0x00000a82      0x1c2 /usr/lib/gcc/arm-none-eabi/13.2.1/../../../arm-none-eabi/lib/thumb/v7e-m/nofp/libc.a(libc_a-memset.o)
 .debug_loclists
                0x00000c44      0x139 /usr/lib/gcc/arm-none-eabi/13.2.1/../../../arm-none-eabi/lib/thumb/v7e-m/nofp/libc.a(libc_a-strncmp.o)
 .debug_loclists
                0x00000d7d       0x65 /usr/lib/gcc/arm-none-eabi/13.2.1/../../../arm-none-eabi/lib/thumb/v7e-m/nofp/libc.a(libc_a-init.o)
 .debug_loclists
                0x00000de2      0x1d0 /usr/lib/gcc/arm-none-eabi/13.2.1/../../../arm-none-eabi/lib/thumb/v7e-m/nofp/libc.a(libc_a-findfp.o)
 .debug_loclists
                0x00000fb2       0x2b /usr/lib/gcc/arm-none-eabi/13.2.1/../../../arm-none-eabi/lib/thumb/v7e-m/nofp/libc.a(libc_a-atexit.o)
 .debug_loclists
                0x00000fdd       0x42 /usr/lib/gcc/arm-none-eabi/13.2.1/../../../arm-none-eabi/lib/thumb/v7e-m/nofp/libc.a(libc_a-fini.o)
 .debug_loclists
                0x0000101f      0x102 /usr/lib/gcc/arm-none-eabi/13.2.1/../../../arm-none-eabi/lib/thumb/v7e-m/nofp/libc.a(libc_a-__call_atexit.o)
 .debug_loclists
                0x00001121       0xe6 /usr/lib/gcc/arm-none-eabi/13.2.1/../../../arm-none-eabi/lib/thumb/v7e-m/nofp/libc.a(libc_a-__atexit.o)

.debug_rnglists
                0x00000000      0x135
 .debug_rnglists
                0x00000000       0x84 /usr/lib/gcc/arm-none-eabi/13.2.1/thumb/v7e-m/nofp/libgcc.a(_udivmoddi4.o)
 .debug_rnglists
                0x00000084       0x77 /usr/lib/gcc/arm-none-eabi/13.2.1/../../../arm-none-eabi/lib/thumb/v7e-m/nofp/libc.a(libc_a-findfp.o)
 .debug_rnglists
                0x000000fb       0x3a /usr/lib/gcc/arm-none-eabi/13.2.1/../../../arm-none-eabi/lib/thumb/v7e-m/nofp/libc.a(libc_a-__call_atexit.o)
